Component: ARM Compiler 5.06 update 6 (build 750) Tool: armlink [4d35ed]

==============================================================================

Section Cross References

    main.o(i.main) refers to stm32f4xx_rcc.o(i.RCC_AHB1PeriphClockCmd) for RCC_AHB1PeriphClockCmd
    main.o(i.main) refers to stm32f4xx_rcc.o(i.RCC_APB1PeriphClockCmd) for RCC_APB1PeriphClockCmd
    main.o(i.main) refers to encoder.o(i.ENC_config) for ENC_config
    main.o(i.main) refers to pwm.o(i.PWM_Pin) for PWM_Pin
    main.o(i.main) refers to pwm.o(i.PWM_configOUT) for PWM_configOUT
    main.o(i.main) refers to pid.o(i.PID_Init1) for PID_Init1
    main.o(i.main) refers to pid.o(i.PID_Calculate1) for PID_Calculate1
    main.o(i.main) refers to pid.o(i.Restart_PID1) for Restart_PID1
    main.o(i.main) refers to stm32f4xx_tim.o(i.TIM_SetCompare1) for TIM_SetCompare1
    main.o(i.main) refers to encoder.o(i.ENCODER_Velocity) for ENCODER_Velocity
    main.o(i.main) refers to pid.o(i.V_1Ts) for V_1Ts
    main.o(i.main) refers to system_stm32f4xx.o(.data) for SystemCoreClock
    main.o(i.main) refers to main.o(.data) for on
    main.o(i.main) refers to system_timetick.o(.data) for tick_flag
    system_stm32f4xx.o(i.SystemCoreClockUpdate) refers to system_stm32f4xx.o(.data) for SystemCoreClock
    system_stm32f4xx.o(i.SystemInit) refers to system_stm32f4xx.o(i.SetSysClock) for SetSysClock
    startup_stm32f40_41xxx.o(STACK) refers (Special) to heapauxi.o(.text) for __use_two_region_memory
    startup_stm32f40_41xxx.o(HEAP) refers (Special) to heapauxi.o(.text) for __use_two_region_memory
    startup_stm32f40_41xxx.o(RESET) refers (Special) to heapauxi.o(.text) for __use_two_region_memory
    startup_stm32f40_41xxx.o(RESET) refers to startup_stm32f40_41xxx.o(STACK) for __initial_sp
    startup_stm32f40_41xxx.o(RESET) refers to startup_stm32f40_41xxx.o(.text) for Reset_Handler
    startup_stm32f40_41xxx.o(RESET) refers to system_timetick.o(i.NMI_Handler) for NMI_Handler
    startup_stm32f40_41xxx.o(RESET) refers to system_timetick.o(i.HardFault_Handler) for HardFault_Handler
    startup_stm32f40_41xxx.o(RESET) refers to system_timetick.o(i.MemManage_Handler) for MemManage_Handler
    startup_stm32f40_41xxx.o(RESET) refers to system_timetick.o(i.BusFault_Handler) for BusFault_Handler
    startup_stm32f40_41xxx.o(RESET) refers to system_timetick.o(i.UsageFault_Handler) for UsageFault_Handler
    startup_stm32f40_41xxx.o(RESET) refers to system_timetick.o(i.SVC_Handler) for SVC_Handler
    startup_stm32f40_41xxx.o(RESET) refers to system_timetick.o(i.DebugMon_Handler) for DebugMon_Handler
    startup_stm32f40_41xxx.o(RESET) refers to system_timetick.o(i.PendSV_Handler) for PendSV_Handler
    startup_stm32f40_41xxx.o(RESET) refers to system_timetick.o(i.SysTick_Handler) for SysTick_Handler
    startup_stm32f40_41xxx.o(RESET) refers to uart.o(i.DMA1_Stream2_IRQHandler) for DMA1_Stream2_IRQHandler
    startup_stm32f40_41xxx.o(RESET) refers to system_timetick.o(i.TIM5_IRQHandler) for TIM5_IRQHandler
    startup_stm32f40_41xxx.o(.text) refers (Special) to heapauxi.o(.text) for __use_two_region_memory
    startup_stm32f40_41xxx.o(.text) refers to system_stm32f4xx.o(i.SystemInit) for SystemInit
    startup_stm32f40_41xxx.o(.text) refers to __main.o(!!!main) for __main
    startup_stm32f40_41xxx.o(.text) refers to startup_stm32f40_41xxx.o(HEAP) for Heap_Mem
    startup_stm32f40_41xxx.o(.text) refers to startup_stm32f40_41xxx.o(STACK) for Stack_Mem
    system_timetick.o(i.SysTick_Handler) refers to system_timetick.o(.data) for tick_count
    system_timetick.o(i.TIM5_IRQHandler) refers to stm32f4xx_rcc.o(i.RCC_GetClocksFreq) for RCC_GetClocksFreq
    system_timetick.o(i.TIM5_IRQHandler) refers to stm32f4xx_tim.o(i.TIM_ClearITPendingBit) for TIM_ClearITPendingBit
    system_timetick.o(i.TIM5_IRQHandler) refers to stm32f4xx_tim.o(i.TIM_GetCapture2) for TIM_GetCapture2
    system_timetick.o(i.TIM5_IRQHandler) refers to stm32f4xx_tim.o(i.TIM_GetCapture1) for TIM_GetCapture1
    system_timetick.o(i.TIM5_IRQHandler) refers to system_timetick.o(.data) for IC2Value
    encoder.o(i.ENCODER_Velocity) refers to stm32f4xx_tim.o(i.TIM_GetCounter) for TIM_GetCounter
    encoder.o(i.ENCODER_Velocity) refers to stm32f4xx_tim.o(i.TIM_SetCounter) for TIM_SetCounter
    encoder.o(i.ENCODER_Velocity) refers to encoder.o(.data) for Fs
    encoder.o(i.ENC_config) refers to stm32f4xx_gpio.o(i.GPIO_Init) for GPIO_Init
    encoder.o(i.ENC_config) refers to stm32f4xx_gpio.o(i.GPIO_PinAFConfig) for GPIO_PinAFConfig
    encoder.o(i.ENC_config) refers to stm32f4xx_tim.o(i.TIM_TimeBaseInit) for TIM_TimeBaseInit
    encoder.o(i.ENC_config) refers to stm32f4xx_tim.o(i.TIM_SetCounter) for TIM_SetCounter
    encoder.o(i.ENC_config) refers to stm32f4xx_tim.o(i.TIM_EncoderInterfaceConfig) for TIM_EncoderInterfaceConfig
    encoder.o(i.ENC_config) refers to stm32f4xx_tim.o(i.TIM_Cmd) for TIM_Cmd
    pid.o(i.PID_Calculate1) refers to pwm.o(i.get_period) for get_period
[...]
    ../fplib/trapv.s                         0x00000000   Number         0  trapv.o ABSOLUTE
    ../fplib/usenofp.s                       0x00000000   Number         0  usenofp.o ABSOLUTE
    ../mathlib/atof.c                        0x00000000   Number         0  atof.o ABSOLUTE
    ../mathlib/dunder.c                      0x00000000   Number         0  dunder.o ABSOLUTE
    ../mathlib/exp.c                         0x00000000   Number         0  exp.o ABSOLUTE
    ../mathlib/exp.c                         0x00000000   Number         0  exp_x.o ABSOLUTE
    ../mathlib/fpclassify.c                  0x00000000   Number         0  fpclassify.o ABSOLUTE
    ../mathlib/frexp.c                       0x00000000   Number         0  frexp.o ABSOLUTE
    ../mathlib/ldexp.c                       0x00000000   Number         0  ldexp_x.o ABSOLUTE
    ../mathlib/ldexp.c                       0x00000000   Number         0  ldexp.o ABSOLUTE
    ../mathlib/narrow.c                      0x00000000   Number         0  narrow.o ABSOLUTE
    ../mathlib/poly.c                        0x00000000   Number         0  poly.o ABSOLUTE
    ../mathlib/qnan.c                        0x00000000   Number         0  qnan.o ABSOLUTE
    Encoder.c                                0x00000000   Number         0  encoder.o ABSOLUTE
    Encoder.c                                0x00000000   Number         0  encoder.o ABSOLUTE
    PID.c                                    0x00000000   Number         0  pid.o ABSOLUTE
    PID.c                                    0x00000000   Number         0  pid.o ABSOLUTE
    PWM.c                                    0x00000000   Number         0  pwm.o ABSOLUTE
    PWM.c                                    0x00000000   Number         0  pwm.o ABSOLUTE
    STM32F4xx_StdPeriph_Driver\\src\\misc.c  0x00000000   Number         0  misc.o ABSOLUTE
    STM32F4xx_StdPeriph_Driver\\src\\stm32f4xx_dma.c 0x00000000   Number         0  stm32f4xx_dma.o ABSOLUTE
    STM32F4xx_StdPeriph_Driver\\src\\stm32f4xx_gpio.c 0x00000000   Number         0  stm32f4xx_gpio.o ABSOLUTE
    STM32F4xx_StdPeriph_Driver\\src\\stm32f4xx_rcc.c 0x00000000   Number         0  stm32f4xx_rcc.o ABSOLUTE
    STM32F4xx_StdPeriph_Driver\\src\\stm32f4xx_syscfg.c 0x00000000   Number         0  stm32f4xx_syscfg.o ABSOLUTE
    STM32F4xx_StdPeriph_Driver\\src\\stm32f4xx_tim.c 0x00000000   Number         0  stm32f4xx_tim.o ABSOLUTE
    STM32F4xx_StdPeriph_Driver\\src\\stm32f4xx_usart.c 0x00000000   Number         0  stm32f4xx_usart.o ABSOLUTE
    STM32F4xx_StdPeriph_Driver\src\misc.c    0x00000000   Number         0  misc.o ABSOLUTE
    STM32F4xx_StdPeriph_Driver\src\stm32f4xx_dma.c 0x00000000   Number         0  stm32f4xx_dma.o ABSOLUTE
    STM32F4xx_StdPeriph_Driver\src\stm32f4xx_gpio.c 0x00000000   Number         0  stm32f4xx_gpio.o ABSOLUTE
    STM32F4xx_StdPeriph_Driver\src\stm32f4xx_rcc.c 0x00000000   Number         0  stm32f4xx_rcc.o ABSOLUTE
    STM32F4xx_StdPeriph_Driver\src\stm32f4xx_syscfg.c 0x00000000   Number         0  stm32f4xx_syscfg.o ABSOLUTE
    STM32F4xx_StdPeriph_Driver\src\stm32f4xx_tim.c 0x00000000   Number         0  stm32f4xx_tim.o ABSOLUTE
    STM32F4xx_StdPeriph_Driver\src\stm32f4xx_usart.c 0x00000000   Number         0  stm32f4xx_usart.o ABSOLUTE
    UART.c                                   0x00000000   Number         0  uart.o ABSOLUTE
    UART.c                                   0x00000000   Number         0  uart.o ABSOLUTE
    dc.s                                     0x00000000   Number         0  dc.o ABSOLUTE
    main.c                                   0x00000000   Number         0  main.o ABSOLUTE
    main.c                                   0x00000000   Number         0  main.o ABSOLUTE
    startup_stm32f40_41xxx.s                 0x00000000   Number         0  startup_stm32f40_41xxx.o ABSOLUTE
    stm32f4xx_it.c                           0x00000000   Number         0  stm32f4xx_it.o ABSOLUTE
    stm32f4xx_it.c                           0x00000000   Number         0  stm32f4xx_it.o ABSOLUTE
    system_stm32f4xx.c                       0x00000000   Number         0  system_stm32f4xx.o ABSOLUTE
    system_stm32f4xx.c                       0x00000000   Number         0  system_stm32f4xx.o ABSOLUTE
    system_timetick.c                        0x00000000   Number         0  system_timetick.o ABSOLUTE
    system_timetick.c                        0x00000000   Number         0  system_timetick.o ABSOLUTE
    RESET                                    0x08000000   Section      392  startup_stm32f40_41xxx.o(RESET)
    !!!main                                  0x08000188   Section        8  __main.o(!!!main)
    !!!scatter                               0x08000190   Section       52  __scatter.o(!!!scatter)
    !!handler_copy                           0x080001c4   Section       26  __scatter_copy.o(!!handler_copy)
    !!handler_zi                             0x080001e0   Section       28  __scatter_zi.o(!!handler_zi)
    .ARM.Collect$$libinit$$00000000          0x080001fc   Section        2  libinit.o(.ARM.Collect$$libinit$$00000000)
    .ARM.Collect$$libinit$$00000001          0x080001fe   Section        4  libinit2.o(.ARM.Collect$$libinit$$00000001)
    .ARM.Collect$$libinit$$00000004          0x08000202   Section        0  libinit2.o(.ARM.Collect$$libinit$$00000004)
    .ARM.Collect$$libinit$$0000000A          0x08000202   Section        0  libinit2.o(.ARM.Collect$$libinit$$0000000A)
    .ARM.Collect$$libinit$$0000000C          0x08000202   Section        0  libinit2.o(.ARM.Collect$$libinit$$0000000C)
    .ARM.Collect$$libinit$$0000000E          0x08000202   Section        0  libinit2.o(.ARM.Collect$$libinit$$0000000E)
    .ARM.Collect$$libinit$$0000000F          0x08000202   Section        6  libinit2.o(.ARM.Collect$$libinit$$0000000F)
    .ARM.Collect$$libinit$$00000011          0x08000208   Section        0  libinit2.o(.ARM.Collect$$libinit$$00000011)
    .ARM.Collect$$libinit$$00000012          0x08000208   Section       12  libinit2.o(.ARM.Collect$$libinit$$00000012)
    .ARM.Collect$$libinit$$00000013          0x08000214   Section        0  libinit2.o(.ARM.Collect$$libinit$$00000013)
    .ARM.Collect$$libinit$$00000015          0x08000214   Section        0  libinit2.o(.ARM.Collect$$libinit$$00000015)
    .ARM.Collect$$libinit$$00000016          0x08000214   Section       10  libinit2.o(.ARM.Collect$$libinit$$00000016)
    .ARM.Collect$$libinit$$00000017          0x0800021e   Section        0  libinit2.o(.ARM.Collect$$libinit$$00000017)
    .ARM.Collect$$libinit$$00000019          0x0800021e   Section        0  libinit2.o(.ARM.Collect$$libinit$$00000019)
    .ARM.Collect$$libinit$$0000001B          0x0800021e   Section        0  libinit2.o(.ARM.Collect$$libinit$$0000001B)
    .ARM.Collect$$libinit$$0000001D          0x0800021e   Section        0  libinit2.o(.ARM.Collect$$libinit$$0000001D)
    .ARM.Collect$$libinit$$0000001F          0x0800021e   Section        0  libinit2.o(.ARM.Collect$$libinit$$0000001F)
    .ARM.Collect$$libinit$$00000021          0x0800021e   Section        0  libinit2.o(.ARM.Collect$$libinit$$00000021)
    .ARM.Collect$$libinit$$00000023          0x0800021e   Section        0  libinit2.o(.ARM.Collect$$libinit$$00000023)
    .ARM.Collect$$libinit$$00000025          0x0800021e   Section        0  libinit2.o(.ARM.Collect$$libinit$$00000025)
    .ARM.Collect$$libinit$$0000002C          0x0800021e   Section        0  libinit2.o(.ARM.Collect$$libinit$$0000002C)
    .ARM.Collect$$libinit$$0000002E          0x0800021e   Section        0  libinit2.o(.ARM.Collect$$libinit$$0000002E)
    .ARM.Collect$$libinit$$00000030          0x0800021e   Section        0  libinit2.o(.ARM.Collect$$libinit$$00000030)
    .ARM.Collect$$libinit$$00000032          0x0800021e   Section        0  libinit2.o(.ARM.Collect$$libinit$$00000032)
    .ARM.Collect$$libinit$$00000033          0x0800021e   Section        2  libinit2.o(.ARM.Collect$$libinit$$00000033)
    .ARM.Collect$$libshutdown$$00000000      0x08000220   Section        2  libshutdown.o(.ARM.Collect$$libshutdown$$00000000)
    .ARM.Collect$$libshutdown$$00000002      0x08000222   Section        0  libshutdown2.o(.ARM.Collect$$libshutdown$$00000002)
    .ARM.Collect$$libshutdown$$00000004      0x08000222   Section        0  libshutdown2.o(.ARM.Collect$$libshutdown$$00000004)
    .ARM.Collect$$libshutdown$$00000007      0x08000222   Section        0  libshutdown2.o(.ARM.Collect$$libshutdown$$00000007)
    .ARM.Collect$$libshutdown$$0000000A      0x08000222   Section        0  libshutdown2.o(.ARM.Collect$$libshutdown$$0000000A)
    .ARM.Collect$$libshutdown$$0000000C      0x08000222   Section        0  libshutdown2.o(.ARM.Collect$$libshutdown$$0000000C)
    .ARM.Collect$$libshutdown$$0000000F      0x08000222   Section        0  libshutdown2.o(.ARM.Collect$$libshutdown$$0000000F)
    .ARM.Collect$$libshutdown$$00000010      0x08000222   Section        2  libshutdown2.o(.ARM.Collect$$libshutdown$$00000010)
    .ARM.Collect$$rtentry$$00000000          0x08000224   Section        0  __rtentry.o(.ARM.Collect$$rtentry$$00000000)
    .ARM.Collect$$rtentry$$00000002          0x08000224   Section        0  __rtentry2.o(.ARM.Collect$$rtentry$$00000002)
    .ARM.Collect$$rtentry$$00000004          0x08000224   Section        6  __rtentry4.o(.ARM.Collect$$rtentry$$00000004)
    .ARM.Collect$$rtentry$$00000009          0x0800022a   Section        0  __rtentry2.o(.ARM.Collect$$rtentry$$00000009)
    .ARM.Collect$$rtentry$$0000000A          0x0800022a   Section        4  __rtentry2.o(.ARM.Collect$$rtentry$$0000000A)
    .ARM.Collect$$rtentry$$0000000C          0x0800022e   Section        0  __rtentry2.o(.ARM.Collect$$rtentry$$0000000C)
    .ARM.Collect$$rtentry$$0000000D          0x0800022e   Section        8  __rtentry2.o(.ARM.Collect$$rtentry$$0000000D)
    .ARM.Collect$$rtexit$$00000000           0x08000236   Section        2  rtexit.o(.ARM.Collect$$rtexit$$00000000)
    .ARM.Collect$$rtexit$$00000002           0x08000238   Section        0  rtexit2.o(.ARM.Collect$$rtexit$$00000002)
    .ARM.Collect$$rtexit$$00000003           0x08000238   Section        4  rtexit2.o(.ARM.Collect$$rtexit$$00000003)
    .ARM.Collect$$rtexit$$00000004           0x0800023c   Section        6  rtexit2.o(.ARM.Collect$$rtexit$$00000004)
    .text                                    0x08000244   Section       64  startup_stm32f40_41xxx.o(.text)
    $v0                                      0x08000244   Number         0  startup_stm32f40_41xxx.o(.text)
    .text                                    0x08000284   Section        0  heapauxi.o(.text)
    .text                                    0x0800028a   Section        0  _rserrno.o(.text)
    .text                                    0x080002a0   Section        0  strtod.o(.text)
    _local_sscanf                            0x080002a1   Thumb Code    60  strtod.o(.text)
    .text                                    0x08000344   Section        8  rt_locale_intlibspace.o(.text)
    .text                                    0x0800034c   Section        8  rt_errno_addr_intlibspace.o(.text)
    .text                                    0x08000354   Section        0  isspace.o(.text)
    .text                                    0x08000366   Section        0  _sgetc.o(.text)
    .text                                    0x080003a8   Section        0  bigflt0.o(.text)
    .text                                    0x0800048c   Section        8  libspace.o(.text)
    .text                                    0x08000494   Section       74  sys_stackheap_outer.o(.text)
    .text                                    0x080004e0   Section       16  rt_ctype_table.o(.text)
    .text                                    0x080004f0   Section        0  scanf_fp.o(.text)
    _fp_value                                0x080004f1   Thumb Code   588  scanf_fp.o(.text)
    .text                                    0x080009e8   Section        0  exit.o(.text)
    .text                                    0x080009fc   Section      128  strcmpv7m.o(.text)
    .text                                    0x08000a7c   Section        0  scanf_hexfp.o(.text)
    .text                                    0x08000d9c   Section        0  scanf_infnan.o(.text)
    .text                                    0x08000ed0   Section        0  sys_exit.o(.text)
    .text                                    0x08000edc   Section       38  llshl.o(.text)
    .text                                    0x08000f02   Section        0  _chval.o(.text)
    .text                                    0x08000f1e   Section        2  use_no_semi.o(.text)
    .text                                    0x08000f20   Section        0  indicate_semi.o(.text)
    CL$$btod_div_common                      0x08000f20   Section      824  btod.o(CL$$btod_div_common)
    CL$$btod_e2d                             0x08001258   Section      132  btod.o(CL$$btod_e2d)
    CL$$btod_e2e                             0x080012dc   Section      220  btod.o(CL$$btod_e2e)
    CL$$btod_ediv                            0x080013b8   Section       42  btod.o(CL$$btod_ediv)
    CL$$btod_edivd                           0x080013e2   Section       42  btod.o(CL$$btod_edivd)
    CL$$btod_emul                            0x0800140c   Section       42  btod.o(CL$$btod_emul)
    CL$$btod_emuld                           0x08001436   Section       42  btod.o(CL$$btod_emuld)
    CL$$btod_mult_common                     0x08001460   Section      580  btod.o(CL$$btod_mult_common)
    i.BusFault_Handler                       0x080016a4   Section        0  system_timetick.o(i.BusFault_Handler)
    i.DMA1_Stream2_IRQHandler                0x080016a8   Section        0  uart.o(i.DMA1_Stream2_IRQHandler)
    i.DMA_ClearITPendingBit                  0x08001768   Section        0  stm32f4xx_dma.o(i.DMA_ClearITPendingBit)
    i.DMA_Cmd                                0x0800179c   Section        0  stm32f4xx_dma.o(i.DMA_Cmd)
    i.DebugMon_Handler                       0x080017b2   Section        0  system_timetick.o(i.DebugMon_Handler)
    i.ENCODER_Velocity                       0x080017b4   Section        0  encoder.o(i.ENCODER_Velocity)
    i.ENC_config                             0x080017e4   Section        0  encoder.o(i.ENC_config)
    i.GPIO_Init                              0x08001860   Section        0  stm32f4xx_gpio.o(i.GPIO_Init)
    i.GPIO_PinAFConfig                       0x080018f0   Section        0  stm32f4xx_gpio.o(i.GPIO_PinAFConfig)
    i.HardFault_Handler                      0x08001936   Section        0  system_timetick.o(i.HardFault_Handler)
    i.MemManage_Handler                      0x0800193a   Section        0  system_timetick.o(i.MemManage_Handler)
    i.NMI_Handler                            0x0800193e   Section        0  system_timetick.o(i.NMI_Handler)
    i.PID_Calculate1                         0x08001940   Section        0  pid.o(i.PID_Calculate1)
    i.PID_Init1                              0x08001a5c   Section        0  pid.o(i.PID_Init1)
    i.PWM_Pin                                0x08001aa8   Section        0  pwm.o(i.PWM_Pin)
    i.PWM_configOUT                          0x08001ae0   Section        0  pwm.o(i.PWM_configOUT)
    i.PendSV_Handler                         0x08001ba0   Section        0  system_timetick.o(i.PendSV_Handler)
    i.RCC_AHB1PeriphClockCmd                 0x08001ba4   Section        0  stm32f4xx_rcc.o(i.RCC_AHB1PeriphClockCmd)
    i.RCC_APB1PeriphClockCmd                 0x08001bc4   Section        0  stm32f4xx_rcc.o(i.RCC_APB1PeriphClockCmd)
    i.RCC_GetClocksFreq                      0x08001be4   Section        0  stm32f4xx_rcc.o(i.RCC_GetClocksFreq)
    i.Restart_PID1                           0x08001ccc   Section        0  pid.o(i.Restart_PID1)
    i.SVC_Handler                            0x08001d10   Section        0  system_timetick.o(i.SVC_Handler)
    i.SetSysClock                            0x08001d14   Section        0  system_stm32f4xx.o(i.SetSysClock)
    SetSysClock                              0x08001d15   Thumb Code   220  system_stm32f4xx.o(i.SetSysClock)
    i.SysTick_Handler                        0x08001e00   Section        0  system_timetick.o(i.SysTick_Handler)
    i.SystemInit                             0x08001e1c   Section        0  system_stm32f4xx.o(i.SystemInit)
    i.TIM5_IRQHandler                        0x08001e84   Section        0  system_timetick.o(i.TIM5_IRQHandler)
    i.TIM_ClearITPendingBit                  0x08001ef4   Section        0  stm32f4xx_tim.o(i.TIM_ClearITPendingBit)
    i.TIM_Cmd                                0x08001efa   Section        0  stm32f4xx_tim.o(i.TIM_Cmd)
    i.TIM_CtrlPWMOutputs                     0x08001f12   Section        0  stm32f4xx_tim.o(i.TIM_CtrlPWMOutputs)
    i.TIM_EncoderInterfaceConfig             0x08001f30   Section        0  stm32f4xx_tim.o(i.TIM_EncoderInterfaceConfig)
    i.TIM_GetCapture1                        0x08001f72   Section        0  stm32f4xx_tim.o(i.TIM_GetCapture1)
    i.TIM_GetCapture2                        0x08001f78   Section        0  stm32f4xx_tim.o(i.TIM_GetCapture2)
    i.TIM_GetCounter                         0x08001f7e   Section        0  stm32f4xx_tim.o(i.TIM_GetCounter)
    i.TIM_OC1Init                            0x08001f84   Section        0  stm32f4xx_tim.o(i.TIM_OC1Init)
    i.TIM_SetCompare1                        0x08002000   Section        0  stm32f4xx_tim.o(i.TIM_SetCompare1)
    i.TIM_SetCounter                         0x08002004   Section        0  stm32f4xx_tim.o(i.TIM_SetCounter)
    i.TIM_TimeBaseInit                       0x08002008   Section        0  stm32f4xx_tim.o(i.TIM_TimeBaseInit)
    i.UsageFault_Handler                     0x0800208c   Section        0  system_timetick.o(i.UsageFault_Handler)
    i.V_1Ts                                  0x08002090   Section        0  pid.o(i.V_1Ts)
    i.__ARM_fpclassify                       0x080021b4   Section        0  fpclassify.o(i.__ARM_fpclassify)
    i.__hardfp___mathlib_tofloat             0x080021e8   Section        0  narrow.o(i.__hardfp___mathlib_tofloat)
    i.__hardfp_atof                          0x080022e0   Section        0  atof.o(i.__hardfp_atof)
    i.__hardfp_exp                           0x08002318   Section        0  exp.o(i.__hardfp_exp)
    i.__hardfp_ldexp                         0x08002670   Section        0  ldexp.o(i.__hardfp_ldexp)
    i.__kernel_poly                          0x08002740   Section        0  poly.o(i.__kernel_poly)
    i.__mathlib_dbl_infnan                   0x08002838   Section        0  dunder.o(i.__mathlib_dbl_infnan)
    i.__mathlib_dbl_overflow                 0x08002850   Section        0  dunder.o(i.__mathlib_dbl_overflow)
    i.__mathlib_dbl_underflow                0x08002870   Section        0  dunder.o(i.__mathlib_dbl_underflow)
    i.__mathlib_narrow                       0x08002890   Section        0  narrow.o(i.__mathlib_narrow)
    i.__support_ldexp                        0x080028a2   Section        0  ldexp.o(i.__support_ldexp)
    i._is_digit                              0x080028b6   Section        0  __printf_wp.o(i._is_digit)
    i.frexp                                  0x080028c8   Section        0  frexp.o(i.frexp)
    i.get_period                             0x08002954   Section        0  pwm.o(i.get_period)
    i.main                                   0x08002960   Section        0  main.o(i.main)
    locale$$code                             0x08002ac4   Section       44  lc_numeric_c.o(locale$$code)
    locale$$code                             0x08002af0   Section       44  lc_ctype_c.o(locale$$code)
    x$fpl$d2f                                0x08002b1c   Section       98  d2f.o(x$fpl$d2f)
    $v0                                      0x08002b1c   Number         0  d2f.o(x$fpl$d2f)
    x$fpl$dadd                               0x08002b80   Section      336  daddsub_clz.o(x$fpl$dadd)
    $v0                                      0x08002b80   Number         0  daddsub_clz.o(x$fpl$dadd)
    _dadd1                                   0x08002b91   Thumb Code     0  daddsub_clz.o(x$fpl$dadd)
    x$fpl$dcheck1                            0x08002cd0   Section       16  dcheck1.o(x$fpl$dcheck1)
    $v0                                      0x08002cd0   Number         0  dcheck1.o(x$fpl$dcheck1)
    x$fpl$dcmpinf                            0x08002ce0   Section       24  dcmpi.o(x$fpl$dcmpinf)
    $v0                                      0x08002ce0   Number         0  dcmpi.o(x$fpl$dcmpinf)
    x$fpl$ddiv                               0x08002cf8   Section      688  ddiv.o(x$fpl$ddiv)
    $v0                                      0x08002cf8   Number         0  ddiv.o(x$fpl$ddiv)
    ddiv_entry                               0x08002cff   Thumb Code     0  ddiv.o(x$fpl$ddiv)
    x$fpl$deqf                               0x08002fa8   Section      120  deqf.o(x$fpl$deqf)
    $v0                                      0x08002fa8   Number         0  deqf.o(x$fpl$deqf)
    x$fpl$dfix                               0x08003020   Section       94  dfix.o(x$fpl$dfix)
    $v0                                      0x08003020   Number         0  dfix.o(x$fpl$dfix)
    x$fpl$dflt                               0x0800307e   Section       46  dflt_clz.o(x$fpl$dflt)
    $v0                                      0x0800307e   Number         0  dflt_clz.o(x$fpl$dflt)
    x$fpl$dleqf                              0x080030ac   Section      120  dleqf.o(x$fpl$dleqf)
    $v0                                      0x080030ac   Number         0  dleqf.o(x$fpl$dleqf)
    x$fpl$dmul                               0x08003124   Section      340  dmul.o(x$fpl$dmul)
    $v0                                      0x08003124   Number         0  dmul.o(x$fpl$dmul)
    x$fpl$dnaninf                            0x08003278   Section      156  dnaninf.o(x$fpl$dnaninf)
    $v0                                      0x08003278   Number         0  dnaninf.o(x$fpl$dnaninf)
    x$fpl$dretinf                            0x08003314   Section       12  dretinf.o(x$fpl$dretinf)
    $v0                                      0x08003314   Number         0  dretinf.o(x$fpl$dretinf)
    x$fpl$drleqf                             0x08003320   Section      108  drleqf.o(x$fpl$drleqf)
    $v0                                      0x08003320   Number         0  drleqf.o(x$fpl$drleqf)
    x$fpl$drsb                               0x0800338c   Section       22  daddsub_clz.o(x$fpl$drsb)
    $v0                                      0x0800338c   Number         0  daddsub_clz.o(x$fpl$drsb)
    x$fpl$dsub                               0x080033a4   Section      468  daddsub_clz.o(x$fpl$dsub)
    $v0                                      0x080033a4   Number         0  daddsub_clz.o(x$fpl$dsub)
    _dsub1                                   0x080033b5   Thumb Code     0  daddsub_clz.o(x$fpl$dsub)
    x$fpl$f2d                                0x08003578   Section       86  f2d.o(x$fpl$f2d)
    $v0                                      0x08003578   Number         0  f2d.o(x$fpl$f2d)
    x$fpl$fnaninf                            0x080035ce   Section      140  fnaninf.o(x$fpl$fnaninf)
    $v0                                      0x080035ce   Number         0  fnaninf.o(x$fpl$fnaninf)
    x$fpl$fpinit                             0x0800365a   Section       10  fpinit.o(x$fpl$fpinit)
    $v0                                      0x0800365a   Number         0  fpinit.o(x$fpl$fpinit)
    x$fpl$fretinf                            0x08003664   Section       10  fretinf.o(x$fpl$fretinf)
    $v0                                      0x08003664   Number         0  fretinf.o(x$fpl$fretinf)
    x$fpl$ieeestatus                         0x0800366e   Section        6  istatus.o(x$fpl$ieeestatus)
    $v0                                      0x0800366e   Number         0  istatus.o(x$fpl$ieeestatus)
    x$fpl$retnan                             0x08003674   Section      100  retnan.o(x$fpl$retnan)
    $v0                                      0x08003674   Number         0  retnan.o(x$fpl$retnan)
    x$fpl$scalbn                             0x080036d8   Section       92  scalbn.o(x$fpl$scalbn)
    $v0                                      0x080036d8   Number         0  scalbn.o(x$fpl$scalbn)
    x$fpl$scanf1                             0x08003734   Section        4  scanf1.o(x$fpl$scanf1)
    $v0                                      0x08003734   Number         0  scanf1.o(x$fpl$scanf1)
    x$fpl$scanf2                             0x08003738   Section        8  scanf2.o(x$fpl$scanf2)
    $v0                                      0x08003738   Number         0  scanf2.o(x$fpl$scanf2)
    x$fpl$trapveneer                         0x08003740   Section       48  trapv.o(x$fpl$trapveneer)
    $v0                                      0x08003740   Number         0  trapv.o(x$fpl$trapveneer)
    .constdata                               0x08003770   Section       88  exp.o(.constdata)
    x$fpl$usenofp                            0x08003770   Section        0  usenofp.o(x$fpl$usenofp)
    halF                                     0x08003770   Data          16  exp.o(.constdata)
    ln2HI                                    0x08003780   Data          16  exp.o(.constdata)
    ln2LO                                    0x08003790   Data          16  exp.o(.constdata)
    P                                        0x080037a0   Data          40  exp.o(.constdata)
    .constdata                               0x080037c8   Section      148  bigflt0.o(.constdata)
    tenpwrs_x                                0x080037c8   Data          60  bigflt0.o(.constdata)
    tenpwrs_i                                0x08003804   Data          64  bigflt0.o(.constdata)
    c$$dinf                                  0x0800387c   Section        8  fpconst.o(c$$dinf)
    c$$dmax                                  0x08003884   Section        8  fpconst.o(c$$dmax)
    locale$$data                             0x0800388c   Section       28  lc_numeric_c.o(locale$$data)
    __lcnum_c_name                           0x08003890   Data           2  lc_numeric_c.o(locale$$data)
    __lcnum_c_start                          0x08003898   Data           0  lc_numeric_c.o(locale$$data)
    __lcnum_c_point                          0x080038a4   Data           0  lc_numeric_c.o(locale$$data)
    __lcnum_c_thousands                      0x080038a6   Data           0  lc_numeric_c.o(locale$$data)
    __lcnum_c_grouping                       0x080038a7   Data           0  lc_numeric_c.o(locale$$data)
    locale$$data                             0x080038a8   Section      272  lc_ctype_c.o(locale$$data)
    __lcnum_c_end                            0x080038a8   Data           0  lc_numeric_c.o(locale$$data)
    __lcctype_c_name                         0x080038ac   Data           2  lc_ctype_c.o(locale$$data)
    __lcctype_c_start                        0x080038b4   Data           0  lc_ctype_c.o(locale$$data)
    __lcctype_c_end                          0x080039b8   Data           0  lc_ctype_c.o(locale$$data)
    .data                                    0x20000000   Section       28  main.o(.data)
    .data                                    0x2000001c   Section       20  system_stm32f4xx.o(.data)
    .data                                    0x20000030   Section       20  system_timetick.o(.data)
    .data                                    0x20000044   Section        1  encoder.o(.data)
    .data                                    0x20000048   Section       32  pid.o(.data)
    .data                                    0x20000068   Section        8  pwm.o(.data)
    .data                                    0x20000070   Section       32  uart.o(.data)
    .data                                    0x20000090   Section       16  stm32f4xx_rcc.o(.data)
    APBAHBPrescTable                         0x20000090   Data          16  stm32f4xx_rcc.o(.data)
    .bss                                     0x200000a0   Section       36  pid.o(.bss)
    .bss                                     0x200000c4   Section       96  libspace.o(.bss)
    HEAP                                     0x20000128   Section      512  startup_stm32f40_41xxx.o(HEAP)
    Heap_Mem                                 0x20000128   Data         512  startup_stm32f40_41xxx.o(HEAP)
    STACK                                    0x20000328   Section     1024  startup_stm32f40_41xxx.o(STACK)
    Stack_Mem                                0x20000328   Data        1024  startup_stm32f40_41xxx.o(STACK)
    __initial_sp                             0x20000728   Data           0  startup_stm32f40_41xxx.o(STACK)

    Global Symbols

    Symbol Name                              Value     Ov Type        Size  Object(Section)

    BuildAttributes$$THM_ISAv4$E$P$D$K$B$S$7EM$VFPi3$EXTD16$VFPS$VFMA$PE$A:L22UL41UL21$X:L11$S22US41US21$IEEE1$IW$USESV6$~STKCKD$USESV7$~SHL$OTIME$ROPI$IEEEX$EBA8$UX$STANDARDLIB$REQ8$PRES8$EABIv2 0x00000000   Number         0  anon$$obj.o ABSOLUTE
    __ARM_use_no_argv                        0x00000000   Number         0  main.o ABSOLUTE
    _printf_flags                            0x00000000   Number         0  printf_stubs.o ABSOLUTE
    _printf_return_value                     0x00000000   Number         0  printf_stubs.o ABSOLUTE
    _printf_sizespec                         0x00000000   Number         0  printf_stubs.o ABSOLUTE
    _printf_widthprec                        0x00000000   Number         0  printf_stubs.o ABSOLUTE
    __ARM_exceptions_init                     - Undefined Weak Reference
    __alloca_initialize                       - Undefined Weak Reference
    __arm_preinit_                            - Undefined Weak Reference
    __cpp_initialize__aeabi_                  - Undefined Weak Reference
    __cxa_finalize                            - Undefined Weak Reference
    __sigvec_lookup                           - Undefined Weak Reference
    _atexit_init                              - Undefined Weak Reference
    _call_atexit_fns                          - Undefined Weak Reference
    _clock_init                               - Undefined Weak Reference
    _fp_trap_init                             - Undefined Weak Reference
    _fp_trap_shutdown                         - Undefined Weak Reference
    _get_lc_collate                           - Undefined Weak Reference
    _get_lc_monetary                          - Undefined Weak Reference
    _get_lc_time                              - Undefined Weak Reference
    _getenv_init                              - Undefined Weak Reference
    _handle_redirection                       - Undefined Weak Reference
    _init_alloc                               - Undefined Weak Reference
    _init_user_alloc                          - Undefined Weak Reference
    _initio                                   - Undefined Weak Reference
    _rand_init                                - Undefined Weak Reference
    _signal_finish                            - Undefined Weak Reference
    _signal_init                              - Undefined Weak Reference
    _terminate_alloc                          - Undefined Weak Reference
    _terminate_user_alloc                     - Undefined Weak Reference
    _terminateio                              - Undefined Weak Reference
    __Vectors_Size                           0x00000188   Number         0  startup_stm32f40_41xxx.o ABSOLUTE
    __Vectors                                0x08000000   Data           4  startup_stm32f40_41xxx.o(RESET)
    __Vectors_End                            0x08000188   Data           0  startup_stm32f40_41xxx.o(RESET)
    __main                                   0x08000189   Thumb Code     8  __main.o(!!!main)
    __scatterload                            0x08000191   Thumb Code     0  __scatter.o(!!!scatter)
    __scatterload_rt2                        0x08000191   Thumb Code    44  __scatter.o(!!!scatter)
    __scatterload_rt2_thumb_only             0x08000191   Thumb Code     0  __scatter.o(!!!scatter)
    __scatterload_null                       0x0800019f   Thumb Code     0  __scatter.o(!!!scatter)
    __scatterload_copy                       0x080001c5   Thumb Code    26  __scatter_copy.o(!!handler_copy)
    __scatterload_zeroinit                   0x080001e1   Thumb Code    28  __scatter_zi.o(!!handler_zi)
    __rt_lib_init                            0x080001fd   Thumb Code     0  libinit.o(.ARM.Collect$$libinit$$00000000)
    __rt_lib_init_fp_1                       0x080001ff   Thumb Code     0  libinit2.o(.ARM.Collect$$libinit$$00000001)
    __rt_lib_init_heap_1                     0x08000203   Thumb Code     0  libinit2.o(.ARM.Collect$$libinit$$0000000A)
    __rt_lib_init_lc_common                  0x08000203   Thumb Code     0  libinit2.o(.ARM.Collect$$libinit$$0000000F)
    __rt_lib_init_preinit_1                  0x08000203   Thumb Code     0  libinit2.o(.ARM.Collect$$libinit$$00000004)
    __rt_lib_init_rand_1                     0x08000203   Thumb Code     0  libinit2.o(.ARM.Collect$$libinit$$0000000E)
    __rt_lib_init_user_alloc_1               0x08000203   Thumb Code     0  libinit2.o(.ARM.Collect$$libinit$$0000000C)
    __rt_lib_init_lc_collate_1               0x08000209   Thumb Code     0  libinit2.o(.ARM.Collect$$libinit$$00000011)
    __rt_lib_init_lc_ctype_2                 0x08000209   Thumb Code     0  libinit2.o(.ARM.Collect$$libinit$$00000012)
    __rt_lib_init_lc_ctype_1                 0x08000215   Thumb Code     0  libinit2.o(.ARM.Collect$$libinit$$00000013)
    __rt_lib_init_lc_monetary_1              0x08000215   Thumb Code     0  libinit2.o(.ARM.Collect$$libinit$$00000015)
    __rt_lib_init_lc_numeric_2               0x08000215   Thumb Code     0  libinit2.o(.ARM.Collect$$libinit$$00000016)
    __rt_lib_init_alloca_1                   0x0800021f   Thumb Code     0  libinit2.o(.ARM.Collect$$libinit$$0000002E)
    __rt_lib_init_argv_1                     0x0800021f   Thumb Code     0  libinit2.o(.ARM.Collect$$libinit$$0000002C)
    __rt_lib_init_atexit_1                   0x0800021f   Thumb Code     0  libinit2.o(.ARM.Collect$$libinit$$0000001B)
    __rt_lib_init_clock_1                    0x0800021f   Thumb Code     0  libinit2.o(.ARM.Collect$$libinit$$00000021)
    __rt_lib_init_cpp_1                      0x0800021f   Thumb Code     0  libinit2.o(.ARM.Collect$$libinit$$00000032)
    __rt_lib_init_exceptions_1               0x0800021f   Thumb Code     0  libinit2.o(.ARM.Collect$$libinit$$00000030)
    __rt_lib_init_fp_trap_1                  0x0800021f   Thumb Code     0  libinit2.o(.ARM.Collect$$libinit$$0000001F)
    __rt_lib_init_getenv_1                   0x0800021f   Thumb Code     0  libinit2.o(.ARM.Collect$$libinit$$00000023)
    __rt_lib_init_lc_numeric_1               0x0800021f   Thumb Code     0  libinit2.o(.ARM.Collect$$libinit$$00000017)
    __rt_lib_init_lc_time_1                  0x0800021f   Thumb Code     0  libinit2.o(.ARM.Collect$$libinit$$00000019)
    __rt_lib_init_return                     0x0800021f   Thumb Code     0  libinit2.o(.ARM.Collect$$libinit$$00000033)
    __rt_lib_init_signal_1                   0x0800021f   Thumb Code     0  libinit2.o(.ARM.Collect$$libinit$$0000001D)
    __rt_lib_init_stdio_1                    0x0800021f   Thumb Code     0  libinit2.o(.ARM.Collect$$libinit$$00000025)
    __rt_lib_shutdown                        0x08000221   Thumb Code     0  libshutdown.o(.ARM.Collect$$libshutdown$$00000000)
    __rt_lib_shutdown_cpp_1                  0x08000223   Thumb Code     0  libshutdown2.o(.ARM.Collect$$libshutdown$$00000002)
    __rt_lib_shutdown_fp_trap_1              0x08000223   Thumb Code     0  libshutdown2.o(.ARM.Collect$$libshutdown$$00000007)
    __rt_lib_shutdown_heap_1                 0x08000223   Thumb Code     0  libshutdown2.o(.ARM.Collect$$libshutdown$$0000000F)
    __rt_lib_shutdown_return                 0x08000223   Thumb Code     0  libshutdown2.o(.ARM.Collect$$libshutdown$$00000010)
    __rt_lib_shutdown_signal_1               0x08000223   Thumb Code     0  libshutdown2.o(.ARM.Collect$$libshutdown$$0000000A)
    __rt_lib_shutdown_stdio_1                0x08000223   Thumb Code     0  libshutdown2.o(.ARM.Collect$$libshutdown$$00000004)
    __rt_lib_shutdown_user_alloc_1           0x08000223   Thumb Code     0  libshutdown2.o(.ARM.Collect$$libshutdown$$0000000C)
    __rt_entry                               0x08000225   Thumb Code     0  __rtentry.o(.ARM.Collect$$rtentry$$00000000)
    __rt_entry_presh_1                       0x08000225   Thumb Code     0  __rtentry2.o(.ARM.Collect$$rtentry$$00000002)
    __rt_entry_sh                            0x08000225   Thumb Code     0  __rtentry4.o(.ARM.Collect$$rtentry$$00000004)
    __rt_entry_li                            0x0800022b   Thumb Code     0  __rtentry2.o(.ARM.Collect$$rtentry$$0000000A)
    __rt_entry_postsh_1                      0x0800022b   Thumb Code     0  __rtentry2.o(.ARM.Collect$$rtentry$$00000009)
    __rt_entry_main                          0x0800022f   Thumb Code     0  __rtentry2.o(.ARM.Collect$$rtentry$$0000000D)
    __rt_entry_postli_1                      0x0800022f   Thumb Code     0  __rtentry2.o(.ARM.Collect$$rtentry$$0000000C)
    __rt_exit                                0x08000237   Thumb Code     0  rtexit.o(.ARM.Collect$$rtexit$$00000000)
    __rt_exit_ls                             0x08000239   Thumb Code     0  rtexit2.o(.ARM.Collect$$rtexit$$00000003)
    __rt_exit_prels_1                        0x08000239   Thumb Code     0  rtexit2.o(.ARM.Collect$$rtexit$$00000002)
    __rt_exit_exit                           0x0800023d   Thumb Code     0  rtexit2.o(.ARM.Collect$$rtexit$$00000004)
    Reset_Handler                            0x08000245   Thumb Code     8  startup_stm32f40_41xxx.o(.text)
    ADC_IRQHandler                           0x0800025f   Thumb Code     0  startup_stm32f40_41xxx.o(.text)
    CAN1_RX0_IRQHandler                      0x0800025f   Thumb Code     0  startup_stm32f40_41xxx.o(.text)
    CAN1_RX1_IRQHandler                      0x0800025f   Thumb Code     0  startup_stm32f40_41xxx.o(.text)
    CAN1_SCE_IRQHandler                      0x0800025f   Thumb Code     0  startup_stm32f40_41xxx.o(.text)
    CAN1_TX_IRQHandler                       0x0800025f   Thumb Code     0  startup_stm32f40_41xxx.o(.text)
    CAN2_RX0_IRQHandler                      0x0800025f   Thumb Code     0  startup_stm32f40_41xxx.o(.text)
    CAN2_RX1_IRQHandler                      0x0800025f   Thumb Code     0  startup_stm32f40_41xxx.o(.text)
    CAN2_SCE_IRQHandler                      0x0800025f   Thumb Code     0  startup_stm32f40_41xxx.o(.text)
    CAN2_TX_IRQHandler                       0x0800025f   Thumb Code     0  startup_stm32f40_41xxx.o(.text)
    CRYP_IRQHandler                          0x0800025f   Thumb Code     0  startup_stm32f40_41xxx.o(.text)
    DCMI_IRQHandler                          0x0800025f   Thumb Code     0  startup_stm32f40_41xxx.o(.text)
    DMA1_Stream0_IRQHandler                  0x0800025f   Thumb Code     0  startup_stm32f40_41xxx.o(.text)
    DMA1_Stream1_IRQHandler                  0x0800025f   Thumb Code     0  startup_stm32f40_41xxx.o(.text)
    DMA1_Stream3_IRQHandler                  0x0800025f   Thumb Code     0  startup_stm32f40_41xxx.o(.text)
    DMA1_Stream4_IRQHandler                  0x0800025f   Thumb Code     0  startup_stm32f40_41xxx.o(.text)
    DMA1_Stream5_IRQHandler                  0x0800025f   Thumb Code     0  startup_stm32f40_41xxx.o(.text)
    DMA1_Stream6_IRQHandler                  0x0800025f   Thumb Code     0  startup_stm32f40_41xxx.o(.text)
    DMA1_Stream7_IRQHandler                  0x0800025f   Thumb Code     0  startup_stm32f40_41xxx.o(.text)
    DMA2_Stream0_IRQHandler                  0x0800025f   Thumb Code     0  startup_stm32f40_41xxx.o(.text)
    DMA2_Stream1_IRQHandler                  0x0800025f   Thumb Code     0  startup_stm32f40_41xxx.o(.text)
    DMA2_Stream2_IRQHandler                  0x0800025f   Thumb Code     0  startup_stm32f40_41xxx.o(.text)
    DMA2_Stream3_IRQHandler                  0x0800025f   Thumb Code     0  startup_stm32f40_41xxx.o(.text)
    DMA2_Stream4_IRQHandler                  0x0800025f   Thumb Code     0  startup_stm32f40_41xxx.o(.text)
    DMA2_Stream5_IRQHandler                  0x0800025f   Thumb Code     0  startup_stm32f40_41xxx.o(.text)
    DMA2_Stream6_IRQHandler                  0x0800025f   Thumb Code     0  startup_stm32f40_41xxx.o(.text)
    DMA2_Stream7_IRQHandler                  0x0800025f   Thumb Code     0  startup_stm32f40_41xxx.o(.text)
    ETH_IRQHandler                           0x0800025f   Thumb Code     0  startup_stm32f40_41xxx.o(.text)
    ETH_WKUP_IRQHandler                      0x0800025f   Thumb Code     0  startup_stm32f40_41xxx.o(.text)
    EXTI0_IRQHandler                         0x0800025f   Thumb Code     0  startup_stm32f40_41xxx.o(.text)
    EXTI15_10_IRQHandler                     0x0800025f   Thumb Code     0  startup_stm32f40_41xxx.o(.text)
    EXTI1_IRQHandler                         0x0800025f   Thumb Code     0  startup_stm32f40_41xxx.o(.text)
    EXTI2_IRQHandler                         0x0800025f   Thumb Code     0  startup_stm32f40_41xxx.o(.text)
    EXTI3_IRQHandler                         0x0800025f   Thumb Code     0  startup_stm32f40_41xxx.o(.text)
    EXTI4_IRQHandler                         0x0800025f   Thumb Code     0  startup_stm32f40_41xxx.o(.text)
    EXTI9_5_IRQHandler                       0x0800025f   Thumb Code     0  startup_stm32f40_41xxx.o(.text)
    FLASH_IRQHandler                         0x0800025f   Thumb Code     0  startup_stm32f40_41xxx.o(.text)
    FPU_IRQHandler                           0x0800025f   Thumb Code     0  startup_stm32f40_41xxx.o(.text)
    FSMC_IRQHandler                          0x0800025f   Thumb Code     0  startup_stm32f40_41xxx.o(.text)
    HASH_RNG_IRQHandler                      0x0800025f   Thumb Code     0  startup_stm32f40_41xxx.o(.text)
    I2C1_ER_IRQHandler                       0x0800025f   Thumb Code     0  startup_stm32f40_41xxx.o(.text)
    I2C1_EV_IRQHandler                       0x0800025f   Thumb Code     0  startup_stm32f40_41xxx.o(.text)
    I2C2_ER_IRQHandler                       0x0800025f   Thumb Code     0  startup_stm32f40_41xxx.o(.text)
    I2C2_EV_IRQHandler                       0x0800025f   Thumb Code     0  startup_stm32f40_41xxx.o(.text)
    I2C3_ER_IRQHandler                       0x0800025f   Thumb Code     0  startup_stm32f40_41xxx.o(.text)
    I2C3_EV_IRQHandler                       0x0800025f   Thumb Code     0  startup_stm32f40_41xxx.o(.text)
    OTG_FS_IRQHandler                        0x0800025f   Thumb Code     0  startup_stm32f40_41xxx.o(.text)
    OTG_FS_WKUP_IRQHandler                   0x0800025f   Thumb Code     0  startup_stm32f40_41xxx.o(.text)
    OTG_HS_EP1_IN_IRQHandler                 0x0800025f   Thumb Code     0  startup_stm32f40_41xxx.o(.text)
    OTG_HS_EP1_OUT_IRQHandler                0x0800025f   Thumb Code     0  startup_stm32f40_41xxx.o(.text)
    OTG_HS_IRQHandler                        0x0800025f   Thumb Code     0  startup_stm32f40_41xxx.o(.text)
    OTG_HS_WKUP_IRQHandler                   0x0800025f   Thumb Code     0  startup_stm32f40_41xxx.o(.text)
    PVD_IRQHandler                           0x0800025f   Thumb Code     0  startup_stm32f40_41xxx.o(.text)
    RCC_IRQHandler                           0x0800025f   Thumb Code     0  startup_stm32f40_41xxx.o(.text)
    RTC_Alarm_IRQHandler                     0x0800025f   Thumb Code     0  startup_stm32f40_41xxx.o(.text)
    RTC_WKUP_IRQHandler                      0x0800025f   Thumb Code     0  startup_stm32f40_41xxx.o(.text)
    SDIO_IRQHandler                          0x0800025f   Thumb Code     0  startup_stm32f40_41xxx.o(.text)
    SPI1_IRQHandler                          0x0800025f   Thumb Code     0  startup_stm32f40_41xxx.o(.text)
    SPI2_IRQHandler                          0x0800025f   Thumb Code     0  startup_stm32f40_41xxx.o(.text)
    SPI3_IRQHandler                          0x0800025f   Thumb Code     0  startup_stm32f40_41xxx.o(.text)
    TAMP_STAMP_IRQHandler                    0x0800025f   Thumb Code     0  startup_stm32f40_41xxx.o(.text)
    TIM1_BRK_TIM9_IRQHandler                 0x0800025f   Thumb Code     0  startup_stm32f40_41xxx.o(.text)
    TIM1_CC_IRQHandler                       0x0800025f   Thumb Code     0  startup_stm32f40_41xxx.o(.text)
    TIM1_TRG_COM_TIM11_IRQHandler            0x0800025f   Thumb Code     0  startup_stm32f40_41xxx.o(.text)
    TIM1_UP_TIM10_IRQHandler                 0x0800025f   Thumb Code     0  startup_stm32f40_41xxx.o(.text)
    TIM2_IRQHandler                          0x0800025f   Thumb Code     0  startup_stm32f40_41xxx.o(.text)
    TIM3_IRQHandler                          0x0800025f   Thumb Code     0  startup_stm32f40_41xxx.o(.text)
    TIM4_IRQHandler                          0x0800025f   Thumb Code     0  startup_stm32f40_41xxx.o(.text)
    TIM6_DAC_IRQHandler                      0x0800025f   Thumb Code     0  startup_stm32f40_41xxx.o(.text)
    TIM7_IRQHandler                          0x0800025f   Thumb Code     0  startup_stm32f40_41xxx.o(.text)
    TIM8_BRK_TIM12_IRQHandler                0x0800025f   Thumb Code     0  startup_stm32f40_41xxx.o(.text)
    TIM8_CC_IRQHandler                       0x0800025f   Thumb Code     0  startup_stm32f40_41xxx.o(.text)
    TIM8_TRG_COM_TIM14_IRQHandler            0x0800025f   Thumb Code     0  startup_stm32f40_41xxx.o(.text)
    TIM8_UP_TIM13_IRQHandler                 0x0800025f   Thumb Code     0  startup_stm32f40_41xxx.o(.text)
    UART4_IRQHandler                         0x0800025f   Thumb Code     0  startup_stm32f40_41xxx.o(.text)
    UART5_IRQHandler                         0x0800025f   Thumb Code     0  startup_stm32f40_41xxx.o(.text)
    USART1_IRQHandler                        0x0800025f   Thumb Code     0  startup_stm32f40_41xxx.o(.text)
    USART2_IRQHandler                        0x0800025f   Thumb Code     0  startup_stm32f40_41xxx.o(.text)
    USART3_IRQHandler                        0x0800025f   Thumb Code     0  startup_stm32f40_41xxx.o(.text)
    USART6_IRQHandler                        0x0800025f   Thumb Code     0  startup_stm32f40_41xxx.o(.text)
    WWDG_IRQHandler                          0x0800025f   Thumb Code     0  startup_stm32f40_41xxx.o(.text)
    __user_initial_stackheap                 0x08000261   Thumb Code     0  startup_stm32f40_41xxx.o(.text)
    __use_two_region_memory                  0x08000285   Thumb Code     2  heapauxi.o(.text)
    __rt_heap_escrow$2region                 0x08000287   Thumb Code     2  heapauxi.o(.text)
    __rt_heap_expand$2region                 0x08000289   Thumb Code     2  heapauxi.o(.text)
    __read_errno                             0x0800028b   Thumb Code    10  _rserrno.o(.text)
    __set_errno                              0x08000295   Thumb Code    12  _rserrno.o(.text)
    __strtod_int                             0x080002dd   Thumb Code    90  strtod.o(.text)
    __rt_locale                              0x08000345   Thumb Code     8  rt_locale_intlibspace.o(.text)
    __aeabi_errno_addr                       0x0800034d   Thumb Code     8  rt_errno_addr_intlibspace.o(.text)
    __errno$intlibspace                      0x0800034d   Thumb Code     0  rt_errno_addr_intlibspace.o(.text)
    __rt_errno_addr$intlibspace              0x0800034d   Thumb Code     0  rt_errno_addr_intlibspace.o(.text)
    isspace                                  0x08000355   Thumb Code    18  isspace.o(.text)
    _sgetc                                   0x08000367   Thumb Code    30  _sgetc.o(.text)
    _sbackspace                              0x08000385   Thumb Code    34  _sgetc.o(.text)
    _btod_etento                             0x080003a9   Thumb Code   224  bigflt0.o(.text)
    __user_libspace                          0x0800048d   Thumb Code     8  libspace.o(.text)
    __user_perproc_libspace                  0x0800048d   Thumb Code     0  libspace.o(.text)
    __user_perthread_libspace                0x0800048d   Thumb Code     0  libspace.o(.text)
    __user_setup_stackheap                   0x08000495   Thumb Code    74  sys_stackheap_outer.o(.text)
    __rt_ctype_table                         0x080004e1   Thumb Code    16  rt_ctype_table.o(.text)
    _scanf_really_real                       0x0800073d   Thumb Code   684  scanf_fp.o(.text)
    exit                                     0x080009e9   Thumb Code    18  exit.o(.text)
    strcmp                                   0x080009fd   Thumb Code   128  strcmpv7m.o(.text)
    _scanf_really_hex_real                   0x08000a7d   Thumb Code   786  scanf_hexfp.o(.text)
    _scanf_really_infnan                     0x08000d9d   Thumb Code   292  scanf_infnan.o(.text)
    _sys_exit                                0x08000ed1   Thumb Code     8  sys_exit.o(.text)
    __aeabi_llsl                             0x08000edd   Thumb Code     0  llshl.o(.text)
    _ll_shift_l                              0x08000edd   Thumb Code    38  llshl.o(.text)
    _chval                                   0x08000f03   Thumb Code    28  _chval.o(.text)
    __I$use$semihosting                      0x08000f1f   Thumb Code     0  use_no_semi.o(.text)
    __use_no_semihosting_swi                 0x08000f1f   Thumb Code     2  use_no_semi.o(.text)
    __btod_div_common                        0x08000f21   Thumb Code   696  btod.o(CL$$btod_div_common)
    __semihosting_library_function           0x08000f21   Thumb Code     0  indicate_semi.o(.text)
    _e2d                                     0x08001259   Thumb Code   122  btod.o(CL$$btod_e2d)
    _e2e                                     0x080012dd   Thumb Code   220  btod.o(CL$$btod_e2e)
    _btod_ediv                               0x080013b9   Thumb Code    42  btod.o(CL$$btod_ediv)
    _btod_edivd                              0x080013e3   Thumb Code    42  btod.o(CL$$btod_edivd)
    _btod_emul                               0x0800140d   Thumb Code    42  btod.o(CL$$btod_emul)
    _btod_emuld                              0x08001437   Thumb Code    42  btod.o(CL$$btod_emuld)
    __btod_mult_common                       0x08001461   Thumb Code   580  btod.o(CL$$btod_mult_common)
    BusFault_Handler                         0x080016a5   Thumb Code     4  system_timetick.o(i.BusFault_Handler)
    DMA1_Stream2_IRQHandler                  0x080016a9   Thumb Code   164  uart.o(i.DMA1_Stream2_IRQHandler)
    DMA_ClearITPendingBit                    0x08001769   Thumb Code    38  stm32f4xx_dma.o(i.DMA_ClearITPendingBit)
    DMA_Cmd                                  0x0800179d   Thumb Code    22  stm32f4xx_dma.o(i.DMA_Cmd)
    DebugMon_Handler                         0x080017b3   Thumb Code     2  system_timetick.o(i.DebugMon_Handler)
    ENCODER_Velocity                         0x080017b5   Thumb Code    44  encoder.o(i.ENCODER_Velocity)
    ENC_config                               0x080017e5   Thumb Code   124  encoder.o(i.ENC_config)
    GPIO_Init                                0x08001861   Thumb Code   144  stm32f4xx_gpio.o(i.GPIO_Init)
    GPIO_PinAFConfig                         0x080018f1   Thumb Code    70  stm32f4xx_gpio.o(i.GPIO_PinAFConfig)
    HardFault_Handler                        0x08001937   Thumb Code     4  system_timetick.o(i.HardFault_Handler)
    MemManage_Handler                        0x0800193b   Thumb Code     4  system_timetick.o(i.MemManage_Handler)
    NMI_Handler                              0x0800193f   Thumb Code     2  system_timetick.o(i.NMI_Handler)
    PID_Calculate1                           0x08001941   Thumb Code   260  pid.o(i.PID_Calculate1)
    PID_Init1                                0x08001a5d   Thumb Code    64  pid.o(i.PID_Init1)
    PWM_Pin                                  0x08001aa9   Thumb Code    52  pwm.o(i.PWM_Pin)
    PWM_configOUT                            0x08001ae1   Thumb Code   174  pwm.o(i.PWM_configOUT)
    PendSV_Handler                           0x08001ba1   Thumb Code     2  system_timetick.o(i.PendSV_Handler)
    RCC_AHB1PeriphClockCmd                   0x08001ba5   Thumb Code    26  stm32f4xx_rcc.o(i.RCC_AHB1PeriphClockCmd)
    RCC_APB1PeriphClockCmd                   0x08001bc5   Thumb Code    26  stm32f4xx_rcc.o(i.RCC_APB1PeriphClockCmd)
    RCC_GetClocksFreq                        0x08001be5   Thumb Code   214  stm32f4xx_rcc.o(i.RCC_GetClocksFreq)
    Restart_PID1                             0x08001ccd   Thumb Code    54  pid.o(i.Restart_PID1)
    SVC_Handler                              0x08001d11   Thumb Code     2  system_timetick.o(i.SVC_Handler)
    SysTick_Handler                          0x08001e01   Thumb Code    18  system_timetick.o(i.SysTick_Handler)
    SystemInit                               0x08001e1d   Thumb Code    88  system_stm32f4xx.o(i.SystemInit)
    TIM5_IRQHandler                          0x08001e85   Thumb Code    90  system_timetick.o(i.TIM5_IRQHandler)
    TIM_ClearITPendingBit                    0x08001ef5   Thumb Code     6  stm32f4xx_tim.o(i.TIM_ClearITPendingBit)
    TIM_Cmd                                  0x08001efb   Thumb Code    24  stm32f4xx_tim.o(i.TIM_Cmd)
    TIM_CtrlPWMOutputs                       0x08001f13   Thumb Code    30  stm32f4xx_tim.o(i.TIM_CtrlPWMOutputs)
    TIM_EncoderInterfaceConfig               0x08001f31   Thumb Code    66  stm32f4xx_tim.o(i.TIM_EncoderInterfaceConfig)
    TIM_GetCapture1                          0x08001f73   Thumb Code     6  stm32f4xx_tim.o(i.TIM_GetCapture1)
    TIM_GetCapture2                          0x08001f79   Thumb Code     6  stm32f4xx_tim.o(i.TIM_GetCapture2)
    TIM_GetCounter                           0x08001f7f   Thumb Code     6  stm32f4xx_tim.o(i.TIM_GetCounter)
    TIM_OC1Init                              0x08001f85   Thumb Code   114  stm32f4xx_tim.o(i.TIM_OC1Init)
    TIM_SetCompare1                          0x08002001   Thumb Code     4  stm32f4xx_tim.o(i.TIM_SetCompare1)
    TIM_SetCounter                           0x08002005   Thumb Code     4  stm32f4xx_tim.o(i.TIM_SetCounter)
    TIM_TimeBaseInit                         0x08002009   Thumb Code   104  stm32f4xx_tim.o(i.TIM_TimeBaseInit)
    UsageFault_Handler                       0x0800208d   Thumb Code     4  system_timetick.o(i.UsageFault_Handler)
    V_1Ts                                    0x08002091   Thumb Code   260  pid.o(i.V_1Ts)
    __ARM_fpclassify                         0x080021b5   Thumb Code    48  fpclassify.o(i.__ARM_fpclassify)
    __hardfp___mathlib_tofloat               0x080021e9   Thumb Code   232  narrow.o(i.__hardfp___mathlib_tofloat)
    __hardfp_atof                            0x080022e1   Thumb Code    44  atof.o(i.__hardfp_atof)
    __hardfp_exp                             0x08002319   Thumb Code   714  exp.o(i.__hardfp_exp)
    __hardfp_ldexp                           0x08002671   Thumb Code   200  ldexp.o(i.__hardfp_ldexp)
    __kernel_poly                            0x08002741   Thumb Code   248  poly.o(i.__kernel_poly)
    __mathlib_dbl_infnan                     0x08002839   Thumb Code    20  dunder.o(i.__mathlib_dbl_infnan)
    __mathlib_dbl_overflow                   0x08002851   Thumb Code    24  dunder.o(i.__mathlib_dbl_overflow)
    __mathlib_dbl_underflow                  0x08002871   Thumb Code    24  dunder.o(i.__mathlib_dbl_underflow)
    __mathlib_narrow                         0x08002891   Thumb Code    18  narrow.o(i.__mathlib_narrow)
    __support_ldexp                          0x080028a3   Thumb Code    20  ldexp.o(i.__support_ldexp)
    _is_digit                                0x080028b7   Thumb Code    14  __printf_wp.o(i._is_digit)
    frexp                                    0x080028c9   Thumb Code   118  frexp.o(i.frexp)
    get_period                               0x08002955   Thumb Code     8  pwm.o(i.get_period)
    main                                     0x08002961   Thumb Code   290  main.o(i.main)
    _get_lc_numeric                          0x08002ac5   Thumb Code    44  lc_numeric_c.o(locale$$code)
    _get_lc_ctype                            0x08002af1   Thumb Code    44  lc_ctype_c.o(locale$$code)
    __aeabi_d2f                              0x08002b1d   Thumb Code     0  d2f.o(x$fpl$d2f)
    _d2f                                     0x08002b1d   Thumb Code    98  d2f.o(x$fpl$d2f)
    __aeabi_dadd                             0x08002b81   Thumb Code     0  daddsub_clz.o(x$fpl$dadd)
    _dadd                                    0x08002b81   Thumb Code   332  daddsub_clz.o(x$fpl$dadd)
    __fpl_dcheck_NaN1                        0x08002cd1   Thumb Code    10  dcheck1.o(x$fpl$dcheck1)
    __fpl_dcmp_Inf                           0x08002ce1   Thumb Code    24  dcmpi.o(x$fpl$dcmpinf)
    __aeabi_ddiv                             0x08002cf9   Thumb Code     0  ddiv.o(x$fpl$ddiv)
    _ddiv                                    0x08002cf9   Thumb Code   552  ddiv.o(x$fpl$ddiv)
    __aeabi_cdcmpeq                          0x08002fa9   Thumb Code     0  deqf.o(x$fpl$deqf)
    _dcmpeq                                  0x08002fa9   Thumb Code   120  deqf.o(x$fpl$deqf)
    __aeabi_d2iz                             0x08003021   Thumb Code     0  dfix.o(x$fpl$dfix)
    _dfix                                    0x08003021   Thumb Code    94  dfix.o(x$fpl$dfix)
    __aeabi_i2d                              0x0800307f   Thumb Code     0  dflt_clz.o(x$fpl$dflt)
    _dflt                                    0x0800307f   Thumb Code    46  dflt_clz.o(x$fpl$dflt)
    __aeabi_cdcmple                          0x080030ad   Thumb Code     0  dleqf.o(x$fpl$dleqf)
    _dcmple                                  0x080030ad   Thumb Code   120  dleqf.o(x$fpl$dleqf)
    __fpl_dcmple_InfNaN                      0x0800310f   Thumb Code     0  dleqf.o(x$fpl$dleqf)
    __aeabi_dmul                             0x08003125   Thumb Code     0  dmul.o(x$fpl$dmul)
    _dmul                                    0x08003125   Thumb Code   332  dmul.o(x$fpl$dmul)
    __fpl_dnaninf                            0x08003279   Thumb Code   156  dnaninf.o(x$fpl$dnaninf)
    __fpl_dretinf                            0x08003315   Thumb Code    12  dretinf.o(x$fpl$dretinf)
    __aeabi_cdrcmple                         0x08003321   Thumb Code     0  drleqf.o(x$fpl$drleqf)
    _drcmple                                 0x08003321   Thumb Code   108  drleqf.o(x$fpl$drleqf)
    __aeabi_drsub                            0x0800338d   Thumb Code     0  daddsub_clz.o(x$fpl$drsb)
    _drsb                                    0x0800338d   Thumb Code    22  daddsub_clz.o(x$fpl$drsb)
    __aeabi_dsub                             0x080033a5   Thumb Code     0  daddsub_clz.o(x$fpl$dsub)
    _dsub                                    0x080033a5   Thumb Code   464  daddsub_clz.o(x$fpl$dsub)
    __aeabi_f2d                              0x08003579   Thumb Code     0  f2d.o(x$fpl$f2d)
    _f2d                                     0x08003579   Thumb Code    86  f2d.o(x$fpl$f2d)
    __fpl_fnaninf                            0x080035cf   Thumb Code   140  fnaninf.o(x$fpl$fnaninf)
    _fp_init                                 0x0800365b   Thumb Code    10  fpinit.o(x$fpl$fpinit)
    __fplib_config_fpu_vfp                   0x08003663   Thumb Code     0  fpinit.o(x$fpl$fpinit)
    __fplib_config_pureend_doubles           0x08003663   Thumb Code     0  fpinit.o(x$fpl$fpinit)
    __fpl_fretinf                            0x08003665   Thumb Code    10  fretinf.o(x$fpl$fretinf)
    __ieee_status                            0x0800366f   Thumb Code     6  istatus.o(x$fpl$ieeestatus)
    __fpl_return_NaN                         0x08003675   Thumb Code   100  retnan.o(x$fpl$retnan)
    __ARM_scalbn                             0x080036d9   Thumb Code    92  scalbn.o(x$fpl$scalbn)
    _scanf_real                              0x08003735   Thumb Code     4  scanf1.o(x$fpl$scanf1)
    _scanf_hex_real                          0x08003739   Thumb Code     4  scanf2.o(x$fpl$scanf2)
    _scanf_infnan                            0x0800373d   Thumb Code     4  scanf2.o(x$fpl$scanf2)
    __fpl_cmpreturn                          0x08003741   Thumb Code    48  trapv.o(x$fpl$trapveneer)
    __I$use$fp                               0x08003770   Number         0  usenofp.o(x$fpl$usenofp)
    Region$$Table$$Base                      0x0800385c   Number         0  anon$$obj.o(Region$$Table)
    Region$$Table$$Limit                     0x0800387c   Number         0  anon$$obj.o(Region$$Table)
    __aeabi_HUGE_VAL                         0x0800387c   Data           0  fpconst.o(c$$dinf)
    __aeabi_HUGE_VALL                        0x0800387c   Data           0  fpconst.o(c$$dinf)
    __aeabi_INFINITY                         0x0800387c   Data           0  fpconst.o(c$$dinf)
    __dInf                                   0x0800387c   Data           0  fpconst.o(c$$dinf)
    __huge_val                               0x0800387c   Data           0  fpconst.o(c$$dinf)
    __dbl_max                                0x08003884   Data           0  fpconst.o(c$$dmax)
    __ctype                                  0x080038b5   Data           0  lc_ctype_c.o(locale$$data)
    data                                     0x20000000   Data           4  main.o(.data)
    start                                    0x20000004   Data           4  main.o(.data)
    on                                       0x20000008   Data           4  main.o(.data)
    frequency                                0x2000000c   Data           4  main.o(.data)
    a                                        0x20000010   Data           4  main.o(.data)
    flag_10ms                                0x20000014   Data           2  main.o(.data)
    flag_100ms                               0x20000016   Data           2  main.o(.data)
    v1                                       0x20000018   Data           2  main.o(.data)
    V                                        0x2000001a   Data           2  main.o(.data)
    SystemCoreClock                          0x2000001c   Data           4  system_stm32f4xx.o(.data)
    AHBPrescTable                            0x20000020   Data          16  system_stm32f4xx.o(.data)
    tick_count                               0x20000030   Data           4  system_timetick.o(.data)
    tick_flag                                0x20000034   Data           4  system_timetick.o(.data)
    IC2Value                                 0x20000038   Data           2  system_timetick.o(.data)
    DutyCycle                                0x2000003a   Data           2  system_timetick.o(.data)
    Frequency                                0x2000003c   Data           4  system_timetick.o(.data)
    tmp                                      0x20000040   Data           4  system_timetick.o(.data)
    Fs                                       0x20000044   Data           1  encoder.o(.data)
    V_1                                      0x20000048   Data           4  pid.o(.data)
    tempV1                                   0x2000004c   Data           4  pid.o(.data)
    uk1                                      0x20000050   Data           4  pid.o(.data)
    to1                                      0x20000054   Data           4  pid.o(.data)
    Ts                                       0x20000058   Data           4  pid.o(.data)
    v_preFilter1R                            0x2000005c   Data           4  pid.o(.data)
    v_Filter1R                               0x20000060   Data           4  pid.o(.data)
    tempR                                    0x20000064   Data           4  pid.o(.data)
    period                                   0x20000068   Data           4  pwm.o(.data)
    prescale                                 0x2000006c   Data           4  pwm.o(.data)
    rxbuff                                   0x20000070   Data           8  uart.o(.data)
    kp                                       0x20000078   Data           4  uart.o(.data)
    ki                                       0x2000007c   Data           4  uart.o(.data)
    kd                                       0x20000080   Data           4  uart.o(.data)
    Rx_Data                                  0x20000084   Data           8  uart.o(.data)
    check                                    0x2000008c   Data           4  uart.o(.data)
    motor1                                   0x200000a0   Data          36  pid.o(.bss)
    __libspace_start                         0x200000c4   Data          96  libspace.o(.bss)
    __temporary_stack_top$libspace           0x20000124   Data           0  libspace.o(.bss)



==============================================================================

Memory Map of the image

  Image Entry point : 0x08000245

  Load Region LR_1 (Base: 0x08000000, Size: 0x00003a58, Max: 0xffffffff, ABSOLUTE)

    Execution Region ER_RO (Exec base: 0x08000000, Load base: 0x08000000, Size: 0x000039b8, Max: 0xffffffff, ABSOLUTE)

    Exec Addr    Load Addr    Size         Type   Attr      Idx    E Section Name        Object

    0x08000000   0x08000000   0x00000188   Data   RO          215    RESET               startup_stm32f40_41xxx.o
    0x08000188   0x08000188   0x00000008   Code   RO         2004  * !!!main             c_w.l(__main.o)
    0x08000190   0x08000190   0x00000034   Code   RO         2384    !!!scatter          c_w.l(__scatter.o)
    0x080001c4   0x080001c4   0x0000001a   Code   RO         2386    !!handler_copy      c_w.l(__scatter_copy.o)
    0x080001de   0x080001de   0x00000002   PAD
    0x080001e0   0x080001e0   0x0000001c   Code   RO         2388    !!handler_zi        c_w.l(__scatter_zi.o)
    0x080001fc   0x080001fc   0x00000002   Code   RO         2196    .ARM.Collect$$libinit$$00000000  c_w.l(libinit.o)
    0x080001fe   0x080001fe   0x00000004   Code   RO         2197    .ARM.Collect$$libinit$$00000001  c_w.l(libinit2.o)
    0x08000202   0x08000202   0x00000000   Code   RO         2200    .ARM.Collect$$libinit$$00000004  c_w.l(libinit2.o)
    0x08000202   0x08000202   0x00000000   Code   RO         2203    .ARM.Collect$$libinit$$0000000A  c_w.l(libinit2.o)
    0x08000202   0x08000202   0x00000000   Code   RO         2205    .ARM.Collect$$libinit$$0000000C  c_w.l(libinit2.o)
    0x08000202   0x08000202   0x00000000   Code   RO         2207    .ARM.Collect$$libinit$$0000000E  c_w.l(libinit2.o)
    0x08000202   0x08000202   0x00000006   Code   RO         2208    .ARM.Collect$$libinit$$0000000F  c_w.l(libinit2.o)
    0x08000208   0x08000208   0x00000000   Code   RO         2210    .ARM.Collect$$libinit$$00000011  c_w.l(libinit2.o)
    0x08000208   0x08000208   0x0000000c   Code   RO         2211    .ARM.Collect$$libinit$$00000012  c_w.l(libinit2.o)
    0x08000214   0x08000214   0x00000000   Code   RO         2212    .ARM.Collect$$libinit$$00000013  c_w.l(libinit2.o)
    0x08000214   0x08000214   0x00000000   Code   RO         2214    .ARM.Collect$$libinit$$00000015  c_w.l(libinit2.o)
    0x08000214   0x08000214   0x0000000a   Code   RO         2215    .ARM.Collect$$libinit$$00000016  c_w.l(libinit2.o)
    0x0800021e   0x0800021e   0x00000000   Code   RO         2216    .ARM.Collect$$libinit$$00000017  c_w.l(libinit2.o)
    0x0800021e   0x0800021e   0x00000000   Code   RO         2218    .ARM.Collect$$libinit$$00000019  c_w.l(libinit2.o)
    0x0800021e   0x0800021e   0x00000000   Code   RO         2220    .ARM.Collect$$libinit$$0000001B  c_w.l(libinit2.o)
    0x0800021e   0x0800021e   0x00000000   Code   RO         2222    .ARM.Collect$$libinit$$0000001D  c_w.l(libinit2.o)
    0x0800021e   0x0800021e   0x00000000   Code   RO         2224    .ARM.Collect$$libinit$$0000001F  c_w.l(libinit2.o)
    0x0800021e   0x0800021e   0x00000000   Code   RO         2226    .ARM.Collect$$libinit$$00000021  c_w.l(libinit2.o)
    0x0800021e   0x0800021e   0x00000000   Code   RO         2228    .ARM.Collect$$libinit$$00000023  c_w.l(libinit2.o)
    0x0800021e   0x0800021e   0x00000000   Code   RO         2230    .ARM.Collect$$libinit$$00000025  c_w.l(libinit2.o)
    0x0800021e   0x0800021e   0x00000000   Code   RO         2234    .ARM.Collect$$libinit$$0000002C  c_w.l(libinit2.o)
    0x0800021e   0x0800021e   0x00000000   Code   RO         2236    .ARM.Collect$$libinit$$0000002E  c_w.l(libinit2.o)
    0x0800021e   0x0800021e   0x00000000   Code   RO         2238    .ARM.Collect$$libinit$$00000030  c_w.l(libinit2.o)
    0x0800021e   0x0800021e   0x00000000   Code   RO         2240    .ARM.Collect$$libinit$$00000032  c_w.l(libinit2.o)
    0x0800021e   0x0800021e   0x00000002   Code   RO         2241    .ARM.Collect$$libinit$$00000033  c_w.l(libinit2.o)
    0x08000220   0x08000220   0x00000002   Code   RO         2308    .ARM.Collect$$libshutdown$$00000000  c_w.l(libshutdown.o)
    0x08000222   0x08000222   0x00000000   Code   RO         2335    .ARM.Collect$$libshutdown$$00000002  c_w.l(libshutdown2.o)
    0x08000222   0x08000222   0x00000000   Code   RO         2337    .ARM.Collect$$libshutdown$$00000004  c_w.l(libshutdown2.o)
    0x08000222   0x08000222   0x00000000   Code   RO         2340    .ARM.Collect$$libshutdown$$00000007  c_w.l(libshutdown2.o)
    0x08000222   0x08000222   0x00000000   Code   RO         2343    .ARM.Collect$$libshutdown$$0000000A  c_w.l(libshutdown2.o)
    0x08000222   0x08000222   0x00000000   Code   RO         2345    .ARM.Collect$$libshutdown$$0000000C  c_w.l(libshutdown2.o)
    0x08000222   0x08000222   0x00000000   Code   RO         2348    .ARM.Collect$$libshutdown$$0000000F  c_w.l(libshutdown2.o)
    0x08000222   0x08000222   0x00000002   Code   RO         2349    .ARM.Collect$$libshutdown$$00000010  c_w.l(libshutdown2.o)
    0x08000224   0x08000224   0x00000000   Code   RO         2046    .ARM.Collect$$rtentry$$00000000  c_w.l(__rtentry.o)
    0x08000224   0x08000224   0x00000000   Code   RO         2110    .ARM.Collect$$rtentry$$00000002  c_w.l(__rtentry2.o)
    0x08000224   0x08000224   0x00000006   Code   RO         2122    .ARM.Collect$$rtentry$$00000004  c_w.l(__rtentry4.o)
    0x0800022a   0x0800022a   0x00000000   Code   RO         2112    .ARM.Collect$$rtentry$$00000009  c_w.l(__rtentry2.o)
    0x0800022a   0x0800022a   0x00000004   Code   RO         2113    .ARM.Collect$$rtentry$$0000000A  c_w.l(__rtentry2.o)
    0x0800022e   0x0800022e   0x00000000   Code   RO         2115    .ARM.Collect$$rtentry$$0000000C  c_w.l(__rtentry2.o)
    0x0800022e   0x0800022e   0x00000008   Code   RO         2116    .ARM.Collect$$rtentry$$0000000D  c_w.l(__rtentry2.o)
    0x08000236   0x08000236   0x00000002   Code   RO         2242    .ARM.Collect$$rtexit$$00000000  c_w.l(rtexit.o)
    0x08000238   0x08000238   0x00000000   Code   RO         2270    .ARM.Collect$$rtexit$$00000002  c_w.l(rtexit2.o)
    0x08000238   0x08000238   0x00000004   Code   RO         2271    .ARM.Collect$$rtexit$$00000003  c_w.l(rtexit2.o)
    0x0800023c   0x0800023c   0x00000006   Code   RO         2272    .ARM.Collect$$rtexit$$00000004  c_w.l(rtexit2.o)
    0x08000242   0x08000242   0x00000002   PAD
    0x08000244   0x08000244   0x00000040   Code   RO          216  * .text               startup_stm32f40_41xxx.o
    0x08000284   0x08000284   0x00000006   Code   RO         2002    .text               c_w.l(heapauxi.o)
    0x0800028a   0x0800028a   0x00000016   Code   RO         2047    .text               c_w.l(_rserrno.o)
    0x080002a0   0x080002a0   0x000000a4   Code   RO         2061    .text               c_w.l(strtod.o)
    0x08000344   0x08000344   0x00000008   Code   RO         2127    .text               c_w.l(rt_locale_intlibspace.o)
    0x0800034c   0x0800034c   0x00000008   Code   RO         2132    .text               c_w.l(rt_errno_addr_intlibspace.o)
    0x08000354   0x08000354   0x00000012   Code   RO         2136    .text               c_w.l(isspace.o)
    0x08000366   0x08000366   0x00000040   Code   RO         2142    .text               c_w.l(_sgetc.o)
    0x080003a6   0x080003a6   0x00000002   PAD
    0x080003a8   0x080003a8   0x000000e4   Code   RO         2144    .text               c_w.l(bigflt0.o)
    0x0800048c   0x0800048c   0x00000008   Code   RO         2178    .text               c_w.l(libspace.o)
    0x08000494   0x08000494   0x0000004a   Code   RO         2181    .text               c_w.l(sys_stackheap_outer.o)
    0x080004de   0x080004de   0x00000002   PAD
    0x080004e0   0x080004e0   0x00000010   Code   RO         2183    .text               c_w.l(rt_ctype_table.o)
    0x080004f0   0x080004f0   0x000004f8   Code   RO         2185    .text               c_w.l(scanf_fp.o)
    0x080009e8   0x080009e8   0x00000012   Code   RO         2187    .text               c_w.l(exit.o)
    0x080009fa   0x080009fa   0x00000002   PAD
    0x080009fc   0x080009fc   0x00000080   Code   RO         2189    .text               c_w.l(strcmpv7m.o)
    0x08000a7c   0x08000a7c   0x00000320   Code   RO         2276    .text               c_w.l(scanf_hexfp.o)
    0x08000d9c   0x08000d9c   0x00000134   Code   RO         2278    .text               c_w.l(scanf_infnan.o)
    0x08000ed0   0x08000ed0   0x0000000c   Code   RO         2294    .text               c_w.l(sys_exit.o)
    0x08000edc   0x08000edc   0x00000026   Code   RO         2298    .text               c_w.l(llshl.o)
    0x08000f02   0x08000f02   0x0000001c   Code   RO         2300    .text               c_w.l(_chval.o)
    0x08000f1e   0x08000f1e   0x00000002   Code   RO         2325    .text               c_w.l(use_no_semi.o)
    0x08000f20   0x08000f20   0x00000000   Code   RO         2327    .text               c_w.l(indicate_semi.o)
    0x08000f20   0x08000f20   0x00000338   Code   RO         2157    CL$$btod_div_common  c_w.l(btod.o)
    0x08001258   0x08001258   0x00000084   Code   RO         2155    CL$$btod_e2d        c_w.l(btod.o)
    0x080012dc   0x080012dc   0x000000dc   Code   RO         2154    CL$$btod_e2e        c_w.l(btod.o)
    0x080013b8   0x080013b8   0x0000002a   Code   RO         2151    CL$$btod_ediv       c_w.l(btod.o)
    0x080013e2   0x080013e2   0x0000002a   Code   RO         2153    CL$$btod_edivd      c_w.l(btod.o)
    0x0800140c   0x0800140c   0x0000002a   Code   RO         2150    CL$$btod_emul       c_w.l(btod.o)
    0x08001436   0x08001436   0x0000002a   Code   RO         2152    CL$$btod_emuld      c_w.l(btod.o)
    0x08001460   0x08001460   0x00000244   Code   RO         2156    CL$$btod_mult_common  c_w.l(btod.o)
    0x080016a4   0x080016a4   0x00000004   Code   RO          248    i.BusFault_Handler  system_timetick.o
    0x080016a8   0x080016a8   0x000000c0   Code   RO          462    i.DMA1_Stream2_IRQHandler  uart.o
    0x08001768   0x08001768   0x00000034   Code   RO         1839    i.DMA_ClearITPendingBit  stm32f4xx_dma.o
    0x0800179c   0x0800179c   0x00000016   Code   RO         1840    i.DMA_Cmd           stm32f4xx_dma.o
    0x080017b2   0x080017b2   0x00000002   Code   RO          249    i.DebugMon_Handler  system_timetick.o
    0x080017b4   0x080017b4   0x00000030   Code   RO          332    i.ENCODER_Velocity  encoder.o
    0x080017e4   0x080017e4   0x0000007c   Code   RO          333    i.ENC_config        encoder.o
    0x08001860   0x08001860   0x00000090   Code   RO         1123    i.GPIO_Init         stm32f4xx_gpio.o
    0x080018f0   0x080018f0   0x00000046   Code   RO         1124    i.GPIO_PinAFConfig  stm32f4xx_gpio.o
    0x08001936   0x08001936   0x00000004   Code   RO          250    i.HardFault_Handler  system_timetick.o
    0x0800193a   0x0800193a   0x00000004   Code   RO          251    i.MemManage_Handler  system_timetick.o
    0x0800193e   0x0800193e   0x00000002   Code   RO          252    i.NMI_Handler       system_timetick.o
    0x08001940   0x08001940   0x0000011c   Code   RO          369    i.PID_Calculate1    pid.o
    0x08001a5c   0x08001a5c   0x0000004c   Code   RO          370    i.PID_Init1         pid.o
    0x08001aa8   0x08001aa8   0x00000038   Code   RO          419    i.PWM_Pin           pwm.o
    0x08001ae0   0x08001ae0   0x000000c0   Code   RO          420    i.PWM_configOUT     pwm.o
    0x08001ba0   0x08001ba0   0x00000002   Code   RO          253    i.PendSV_Handler    system_timetick.o
    0x08001ba2   0x08001ba2   0x00000002   PAD
    0x08001ba4   0x08001ba4   0x00000020   Code   RO          512    i.RCC_AHB1PeriphClockCmd  stm32f4xx_rcc.o
    0x08001bc4   0x08001bc4   0x00000020   Code   RO          521    i.RCC_APB1PeriphClockCmd  stm32f4xx_rcc.o
    0x08001be4   0x08001be4   0x000000e8   Code   RO          533    i.RCC_GetClocksFreq  stm32f4xx_rcc.o
    0x08001ccc   0x08001ccc   0x00000044   Code   RO          371    i.Restart_PID1      pid.o
    0x08001d10   0x08001d10   0x00000002   Code   RO          254    i.SVC_Handler       system_timetick.o
    0x08001d12   0x08001d12   0x00000002   PAD
    0x08001d14   0x08001d14   0x000000ec   Code   RO          171    i.SetSysClock       system_stm32f4xx.o
    0x08001e00   0x08001e00   0x0000001c   Code   RO          255    i.SysTick_Handler   system_timetick.o
    0x08001e1c   0x08001e1c   0x00000068   Code   RO          173    i.SystemInit        system_stm32f4xx.o
    0x08001e84   0x08001e84   0x00000070   Code   RO          256    i.TIM5_IRQHandler   system_timetick.o
    0x08001ef4   0x08001ef4   0x00000006   Code   RO         1235    i.TIM_ClearITPendingBit  stm32f4xx_tim.o
    0x08001efa   0x08001efa   0x00000018   Code   RO         1240    i.TIM_Cmd           stm32f4xx_tim.o
    0x08001f12   0x08001f12   0x0000001e   Code   RO         1242    i.TIM_CtrlPWMOutputs  stm32f4xx_tim.o
    0x08001f30   0x08001f30   0x00000042   Code   RO         1249    i.TIM_EncoderInterfaceConfig  stm32f4xx_tim.o
    0x08001f72   0x08001f72   0x00000006   Code   RO         1255    i.TIM_GetCapture1   stm32f4xx_tim.o
    0x08001f78   0x08001f78   0x00000006   Code   RO         1256    i.TIM_GetCapture2   stm32f4xx_tim.o
    0x08001f7e   0x08001f7e   0x00000006   Code   RO         1259    i.TIM_GetCounter    stm32f4xx_tim.o
    0x08001f84   0x08001f84   0x0000007c   Code   RO         1269    i.TIM_OC1Init       stm32f4xx_tim.o
    0x08002000   0x08002000   0x00000004   Code   RO         1302    i.TIM_SetCompare1   stm32f4xx_tim.o
    0x08002004   0x08002004   0x00000004   Code   RO         1306    i.TIM_SetCounter    stm32f4xx_tim.o
    0x08002008   0x08002008   0x00000084   Code   RO         1312    i.TIM_TimeBaseInit  stm32f4xx_tim.o
    0x0800208c   0x0800208c   0x00000004   Code   RO          257    i.UsageFault_Handler  system_timetick.o
    0x08002090   0x08002090   0x00000124   Code   RO          372    i.V_1Ts             pid.o
    0x080021b4   0x080021b4   0x00000030   Code   RO         2104    i.__ARM_fpclassify  m_wm.l(fpclassify.o)
    0x080021e4   0x080021e4   0x00000004   PAD
    0x080021e8   0x080021e8   0x000000f8   Code   RO         2261    i.__hardfp___mathlib_tofloat  m_wm.l(narrow.o)
    0x080022e0   0x080022e0   0x00000038   Code   RO         2026    i.__hardfp_atof     m_wm.l(atof.o)
    0x08002318   0x08002318   0x00000358   Code   RO         2032    i.__hardfp_exp      m_wm.l(exp.o)
    0x08002670   0x08002670   0x000000d0   Code   RO         2309    i.__hardfp_ldexp    m_wm.l(ldexp.o)
    0x08002740   0x08002740   0x000000f8   Code   RO         2106    i.__kernel_poly     m_wm.l(poly.o)
    0x08002838   0x08002838   0x00000014   Code   RO         2091    i.__mathlib_dbl_infnan  m_wm.l(dunder.o)
    0x0800284c   0x0800284c   0x00000004   PAD
    0x08002850   0x08002850   0x00000020   Code   RO         2094    i.__mathlib_dbl_overflow  m_wm.l(dunder.o)
    0x08002870   0x08002870   0x00000020   Code   RO         2096    i.__mathlib_dbl_underflow  m_wm.l(dunder.o)
    0x08002890   0x08002890   0x00000012   Code   RO         2262    i.__mathlib_narrow  m_wm.l(narrow.o)
    0x080028a2   0x080028a2   0x00000014   Code   RO         2311    i.__support_ldexp   m_wm.l(ldexp.o)
    0x080028b6   0x080028b6   0x0000000e   Code   RO         1987    i._is_digit         c_w.l(__printf_wp.o)
    0x080028c4   0x080028c4   0x00000004   PAD
    0x080028c8   0x080028c8   0x0000008c   Code   RO         2288    i.frexp             m_wm.l(frexp.o)
    0x08002954   0x08002954   0x0000000c   Code   RO          421    i.get_period        pwm.o
    0x08002960   0x08002960   0x00000164   Code   RO            4    i.main              main.o
    0x08002ac4   0x08002ac4   0x0000002c   Code   RO         2170    locale$$code        c_w.l(lc_numeric_c.o)
    0x08002af0   0x08002af0   0x0000002c   Code   RO         2245    locale$$code        c_w.l(lc_ctype_c.o)
    0x08002b1c   0x08002b1c   0x00000062   Code   RO         2006    x$fpl$d2f           fz_wm.l(d2f.o)
    0x08002b7e   0x08002b7e   0x00000002   PAD
    0x08002b80   0x08002b80   0x00000150   Code   RO         2008    x$fpl$dadd          fz_wm.l(daddsub_clz.o)
    0x08002cd0   0x08002cd0   0x00000010   Code   RO         2356    x$fpl$dcheck1       fz_wm.l(dcheck1.o)
    0x08002ce0   0x08002ce0   0x00000018   Code   RO         2172    x$fpl$dcmpinf       fz_wm.l(dcmpi.o)
    0x08002cf8   0x08002cf8   0x000002b0   Code   RO         2064    x$fpl$ddiv          fz_wm.l(ddiv.o)
    0x08002fa8   0x08002fa8   0x00000078   Code   RO         2284    x$fpl$deqf          fz_wm.l(deqf.o)
    0x08003020   0x08003020   0x0000005e   Code   RO         2067    x$fpl$dfix          fz_wm.l(dfix.o)
    0x0800307e   0x0800307e   0x0000002e   Code   RO         2072    x$fpl$dflt          fz_wm.l(dflt_clz.o)
    0x080030ac   0x080030ac   0x00000078   Code   RO         2077    x$fpl$dleqf         fz_wm.l(dleqf.o)
    0x08003124   0x08003124   0x00000154   Code   RO         2014    x$fpl$dmul          fz_wm.l(dmul.o)
    0x08003278   0x08003278   0x0000009c   Code   RO         2079    x$fpl$dnaninf       fz_wm.l(dnaninf.o)
    0x08003314   0x08003314   0x0000000c   Code   RO         2081    x$fpl$dretinf       fz_wm.l(dretinf.o)
    0x08003320   0x08003320   0x0000006c   Code   RO         2083    x$fpl$drleqf        fz_wm.l(drleqf.o)
    0x0800338c   0x0800338c   0x00000016   Code   RO         2009    x$fpl$drsb          fz_wm.l(daddsub_clz.o)
    0x080033a2   0x080033a2   0x00000002   PAD
    0x080033a4   0x080033a4   0x000001d4   Code   RO         2010    x$fpl$dsub          fz_wm.l(daddsub_clz.o)
    0x08003578   0x08003578   0x00000056   Code   RO         2016    x$fpl$f2d           fz_wm.l(f2d.o)
    0x080035ce   0x080035ce   0x0000008c   Code   RO         2085    x$fpl$fnaninf       fz_wm.l(fnaninf.o)
    0x0800365a   0x0800365a   0x0000000a   Code   RO         2253    x$fpl$fpinit        fz_wm.l(fpinit.o)
    0x08003664   0x08003664   0x0000000a   Code   RO         2087    x$fpl$fretinf       fz_wm.l(fretinf.o)
    0x0800366e   0x0800366e   0x00000006   Code   RO         2174    x$fpl$ieeestatus    fz_wm.l(istatus.o)
    0x08003674   0x08003674   0x00000064   Code   RO         2362    x$fpl$retnan        fz_wm.l(retnan.o)
    0x080036d8   0x080036d8   0x0000005c   Code   RO         2350    x$fpl$scalbn        fz_wm.l(scalbn.o)
    0x08003734   0x08003734   0x00000004   Code   RO         2176    x$fpl$scanf1        fz_wm.l(scanf1.o)
    0x08003738   0x08003738   0x00000008   Code   RO         2255    x$fpl$scanf2        fz_wm.l(scanf2.o)
    0x08003740   0x08003740   0x00000030   Code   RO         2380    x$fpl$trapveneer    fz_wm.l(trapv.o)
    0x08003770   0x08003770   0x00000000   Code   RO         2089    x$fpl$usenofp       fz_wm.l(usenofp.o)
    0x08003770   0x08003770   0x00000058   Data   RO         2035    .constdata          m_wm.l(exp.o)
    0x080037c8   0x080037c8   0x00000094   Data   RO         2145    .constdata          c_w.l(bigflt0.o)
    0x0800385c   0x0800385c   0x00000020   Data   RO         2382    Region$$Table       anon$$obj.o
    0x0800387c   0x0800387c   0x00000008   Data   RO         2249    c$$dinf             fz_wm.l(fpconst.o)
    0x08003884   0x08003884   0x00000008   Data   RO         2252    c$$dmax             fz_wm.l(fpconst.o)
    0x0800388c   0x0800388c   0x0000001c   Data   RO         2169    locale$$data        c_w.l(lc_numeric_c.o)
    0x080038a8   0x080038a8   0x00000110   Data   RO         2244    locale$$data        c_w.l(lc_ctype_c.o)


    Execution Region ER_RW (Exec base: 0x20000000, Load base: 0x080039b8, Size: 0x000000a0, Max: 0xffffffff, ABSOLUTE)

    Exec Addr    Load Addr    Size         Type   Attr      Idx    E Section Name        Object

    0x20000000   0x080039b8   0x0000001c   Data   RW            5    .data               main.o
    0x2000001c   0x080039d4   0x00000014   Data   RW          174    .data               system_stm32f4xx.o
    0x20000030   0x080039e8   0x00000014   Data   RW          258    .data               system_timetick.o
    0x20000044   0x080039fc   0x00000001   Data   RW          334    .data               encoder.o
    0x20000045   0x080039fd   0x00000003   PAD
    0x20000048   0x08003a00   0x00000020   Data   RW          374    .data               pid.o
    0x20000068   0x08003a20   0x00000008   Data   RW          422    .data               pwm.o
    0x20000070   0x08003a28   0x00000020   Data   RW          467    .data               uart.o
    0x20000090   0x08003a48   0x00000010   Data   RW          564    .data               stm32f4xx_rcc.o


    Execution Region ER_ZI (Exec base: 0x200000a0, Load base: 0x08003a58, Size: 0x00000688, Max: 0xffffffff, ABSOLUTE)

    Exec Addr    Load Addr    Size         Type   Attr      Idx    E Section Name        Object

    0x200000a0        -       0x00000024   Zero   RW          373    .bss                pid.o
    0x200000c4        -       0x00000060   Zero   RW         2179    .bss                c_w.l(libspace.o)
    0x20000124   0x08003a58   0x00000004   PAD
    0x20000128        -       0x00000200   Zero   RW          214    HEAP                startup_stm32f40_41xxx.o
    0x20000328        -       0x00000400   Zero   RW          213    STACK               startup_stm32f40_41xxx.o


==============================================================================

Image component sizes


      Code (inc. data)   RO Data    RW Data    ZI Data      Debug   Object Name

       172          4          0          1          0       1953   encoder.o
       356         66          0         28          0     317476   main.o
       720         82          0         32         36       2750   pid.o
       260         26          0          8          0       1885   pwm.o
        64         26        392          0       1536        828   startup_stm32f40_41xxx.o
        74         14          0          0          0       2618   stm32f4xx_dma.o
       214          0          0          0          0       2011   stm32f4xx_gpio.o
       296         30          0         16          0     231322   stm32f4xx_rcc.o
       408         38          0          0          0       7825   stm32f4xx_tim.o
       340         32          0         20          0       1873   system_stm32f4xx.o
       164         32          0         20          0       5404   system_timetick.o
       192         28          0         32          0       1449   uart.o

    ----------------------------------------------------------------------
      3264        378        424        160       1572     577394   Object Totals
         0          0         32          0          0          0   (incl. Generated)
         4          0          0          3          0          0   (incl. Padding)

    ----------------------------------------------------------------------

      Code (inc. data)   RO Data    RW Data    ZI Data      Debug   Library Member Name

         8          0          0          0          0         68   __main.o
        14          0          0          0          0         68   __printf_wp.o
         0          0          0          0          0          0   __rtentry.o
        12          0          0          0          0          0   __rtentry2.o
         6          0          0          0          0          0   __rtentry4.o
        52          8          0          0          0          0   __scatter.o
        26          0          0          0          0          0   __scatter_copy.o
        28          0          0          0          0          0   __scatter_zi.o
        28          0          0          0          0         68   _chval.o
        22          0          0          0          0        100   _rserrno.o
        64          0          0          0          0         84   _sgetc.o
       228          4        148          0          0         96   bigflt0.o
      1924        136          0          0          0        756   btod.o
        18          0          0          0          0         80   exit.o
         6          0          0          0          0        152   heapauxi.o
         0          0          0          0          0          0   indicate_semi.o
        18          0          0          0          0         76   isspace.o
        44         10        272          0          0         76   lc_ctype_c.o
        44         10         28          0          0         76   lc_numeric_c.o
         2          0          0          0          0          0   libinit.o
        34          0          0          0          0          0   libinit2.o
         2          0          0          0          0          0   libshutdown.o
         2          0          0          0          0          0   libshutdown2.o
         8          4          0          0         96         68   libspace.o
        38          0          0          0          0         68   llshl.o
        16          4          0          0          0         76   rt_ctype_table.o
         8          4          0          0          0         68   rt_errno_addr_intlibspace.o
         8          4          0          0          0         68   rt_locale_intlibspace.o
         2          0          0          0          0          0   rtexit.o
        10          0          0          0          0          0   rtexit2.o
      1272         16          0          0          0        168   scanf_fp.o
       800         14          0          0          0        100   scanf_hexfp.o
       308         16          0          0          0        100   scanf_infnan.o
       128          0          0          0          0         68   strcmpv7m.o
       164         14          0          0          0        120   strtod.o
        12          4          0          0          0         68   sys_exit.o
        74          0          0          0          0         80   sys_stackheap_outer.o
         2          0          0          0          0         68   use_no_semi.o
        98          4          0          0          0        140   d2f.o
       826         16          0          0          0        492   daddsub_clz.o
        16          4          0          0          0        116   dcheck1.o
        24          0          0          0          0        116   dcmpi.o
       688        140          0          0          0        256   ddiv.o
       120          4          0          0          0        140   deqf.o
        94          4          0          0          0        140   dfix.o
        46          0          0          0          0        116   dflt_clz.o
       120          4          0          0          0        140   dleqf.o
       340         12          0          0          0        152   dmul.o
       156          4          0          0          0        140   dnaninf.o
        12          0          0          0          0        116   dretinf.o
       108          0          0          0          0        128   drleqf.o
        86          4          0          0          0        132   f2d.o
       140          4          0          0          0        132   fnaninf.o
         0          0         16          0          0          0   fpconst.o
        10          0          0          0          0        116   fpinit.o
        10          0          0          0          0        116   fretinf.o
         6          0          0          0          0        116   istatus.o
       100          0          0          0          0        116   retnan.o
        92          0          0          0          0        116   scalbn.o
         4          0          0          0          0        116   scanf1.o
         8          0          0          0          0        132   scanf2.o
        48          0          0          0          0        116   trapv.o
         0          0          0          0          0          0   usenofp.o
        56         12          0          0          0        132   atof.o
        84         16          0          0          0        372   dunder.o
       856        142         88          0          0        288   exp.o
        48          0          0          0          0        124   fpclassify.o
       140         22          0          0          0        132   frexp.o
       228          8          0          0          0        308   ldexp.o
       266         16          0          0          0        308   narrow.o
       248          0          0          0          0        152   poly.o

    ----------------------------------------------------------------------
     10536        664        552          0        100       8036   Library Totals
        26          0          0          0          4          0   (incl. Padding)

    ----------------------------------------------------------------------

      Code (inc. data)   RO Data    RW Data    ZI Data      Debug   Library Name

      5432        248        448          0         96       2820   c_w.l
      3152        200         16          0          0       3400   fz_wm.l
      1926        216         88          0          0       1816   m_wm.l

    ----------------------------------------------------------------------
     10536        664        552          0        100       8036   Library Totals

    ----------------------------------------------------------------------

==============================================================================


      Code (inc. data)   RO Data    RW Data    ZI Data      Debug   

     13800       1042        976        160       1672     576974   Grand Totals
     13800       1042        976        160       1672     576974   ELF Image Totals
     13800       1042        976        160          0          0   ROM Totals

==============================================================================

    Total RO  Size (Code + RO Data)                14776 (  14.43kB)
    Total RW  Size (RW Data + ZI Data)              1832 (   1.79kB)
    Total ROM Size (Code + RO Data + RW Data)      14936 (  14.59kB)

==============================================================================

